Microsoft Windows [Version 10.0.19041.508]
(c) 2020 Microsoft Corporation. All rights reserved.

C:\Users\Priyo>ssh -i C:\Users\Priyo\Downloads\eks.pem ec2-user@13.235.78.193
The authenticity of host '13.235.78.193 (13.235.78.193)' can't be established.
ECDSA key fingerprint is SHA256:/2ixMaNhCEqwdNo7ZR6ET84CZzh7upwpvDTHjWnKaJc.
Are you sure you want to continue connecting (yes/no)? yes
Warning: Permanently added '13.235.78.193' (ECDSA) to the list of known hosts.

       __|  __|_  )
       _|  (     /   Amazon Linux AMI
      ___|\___|___|

https://aws.amazon.com/amazon-linux-ami/2018.03-release-notes/
[ec2-user@ip-172-31-5-238 ~]$ Connection reset by 13.235.78.193 port 22

C:\Users\Priyo>ssh -i C:\Users\Priyo\Downloads\eks.pem ec2-user@13.235.78.193
Last login: Tue Oct 13 05:35:23 2020 from 157.43.211.2

       __|  __|_  )
       _|  (     /   Amazon Linux AMI
      ___|\___|___|

https://aws.amazon.com/amazon-linux-ami/2018.03-release-notes/
[ec2-user@ip-172-31-5-238 ~]$ sudo yum update
Loaded plugins: priorities, update-motd, upgrade-helper
amzn-main                                                                                                                                        | 2.1 kB  00:00:00
amzn-updates                                                                                                                                     | 3.8 kB  00:00:00
No packages marked for update
[ec2-user@ip-172-31-5-238 ~]$ sudo su
[root@ip-172-31-5-238 ec2-user]# yum update -y
Loaded plugins: priorities, update-motd, upgrade-helper
No packages marked for update
[root@ip-172-31-5-238 ec2-user]# yum install docker -y
Loaded plugins: priorities, update-motd, upgrade-helper
Resolving Dependencies
--> Running transaction check
---> Package docker.x86_64 0:19.03.6ce-4.58.amzn1 will be installed
--> Processing Dependency: runc >= 1.0.0 for package: docker-19.03.6ce-4.58.amzn1.x86_64
--> Processing Dependency: containerd >= 1.3.2 for package: docker-19.03.6ce-4.58.amzn1.x86_64
--> Processing Dependency: xfsprogs for package: docker-19.03.6ce-4.58.amzn1.x86_64
--> Processing Dependency: pigz for package: docker-19.03.6ce-4.58.amzn1.x86_64
--> Processing Dependency: libseccomp.so.2()(64bit) for package: docker-19.03.6ce-4.58.amzn1.x86_64
--> Running transaction check
---> Package containerd.x86_64 0:1.3.2-1.3.amzn1 will be installed
---> Package libseccomp.x86_64 0:2.3.1-2.4.amzn1 will be installed
---> Package pigz.x86_64 0:2.3.3-1.6.amzn1 will be installed
---> Package runc.x86_64 0:1.0.0-0.1.20200204.gitdc9208a.1.amzn1 will be installed
---> Package xfsprogs.x86_64 0:4.5.0-18.23.amzn1 will be installed
--> Finished Dependency Resolution

Dependencies Resolved

========================================================================================================================================================================
 Package                           Arch                          Version                                                      Repository                           Size
========================================================================================================================================================================
Installing:
 docker                            x86_64                        19.03.6ce-4.58.amzn1                                         amzn-updates                         44 M
Installing for dependencies:
 containerd                        x86_64                        1.3.2-1.3.amzn1                                              amzn-updates                         30 M
 libseccomp                        x86_64                        2.3.1-2.4.amzn1                                              amzn-main                            79 k
 pigz                              x86_64                        2.3.3-1.6.amzn1                                              amzn-main                            71 k
 runc                              x86_64                        1.0.0-0.1.20200204.gitdc9208a.1.amzn1                        amzn-updates                        3.1 M
 xfsprogs                          x86_64                        4.5.0-18.23.amzn1                                            amzn-updates                        1.7 M

Transaction Summary
========================================================================================================================================================================
Install  1 Package (+5 Dependent packages)

Total download size: 79 M
Installed size: 273 M
Downloading packages:
(1/6): libseccomp-2.3.1-2.4.amzn1.x86_64.rpm                                                                                                     |  79 kB  00:00:00
(2/6): pigz-2.3.3-1.6.amzn1.x86_64.rpm                                                                                                           |  71 kB  00:00:00
(3/6): runc-1.0.0-0.1.20200204.gitdc9208a.1.amzn1.x86_64.rpm                                                                                     | 3.1 MB  00:00:01
(4/6): xfsprogs-4.5.0-18.23.amzn1.x86_64.rpm                                                                                                     | 1.7 MB  00:00:01
(5/6): containerd-1.3.2-1.3.amzn1.x86_64.rpm                                                                                                     |  30 MB  00:00:03
(6/6): docker-19.03.6ce-4.58.amzn1.x86_64.rpm                                                                                                    |  44 MB  00:00:06
------------------------------------------------------------------------------------------------------------------------------------------------------------------------
Total                                                                                                                                    13 MB/s |  79 MB  00:00:06
Running transaction check
Running transaction test
Transaction test succeeded
Running transaction
  Installing : libseccomp-2.3.1-2.4.amzn1.x86_64                                                                                                                    1/6
  Installing : runc-1.0.0-0.1.20200204.gitdc9208a.1.amzn1.x86_64                                                                                                    2/6
  Installing : containerd-1.3.2-1.3.amzn1.x86_64                                                                                                                    3/6
  Installing : pigz-2.3.3-1.6.amzn1.x86_64                                                                                                                          4/6
  Installing : xfsprogs-4.5.0-18.23.amzn1.x86_64                                                                                                                    5/6
  Installing : docker-19.03.6ce-4.58.amzn1.x86_64                                                                                                                   6/6
  Verifying  : xfsprogs-4.5.0-18.23.amzn1.x86_64                                                                                                                    1/6
  Verifying  : libseccomp-2.3.1-2.4.amzn1.x86_64                                                                                                                    2/6
  Verifying  : docker-19.03.6ce-4.58.amzn1.x86_64                                                                                                                   3/6
  Verifying  : pigz-2.3.3-1.6.amzn1.x86_64                                                                                                                          4/6
  Verifying  : runc-1.0.0-0.1.20200204.gitdc9208a.1.amzn1.x86_64                                                                                                    5/6
  Verifying  : containerd-1.3.2-1.3.amzn1.x86_64                                                                                                                    6/6

Installed:
  docker.x86_64 0:19.03.6ce-4.58.amzn1

Dependency Installed:
  containerd.x86_64 0:1.3.2-1.3.amzn1    libseccomp.x86_64 0:2.3.1-2.4.amzn1    pigz.x86_64 0:2.3.3-1.6.amzn1    runc.x86_64 0:1.0.0-0.1.20200204.gitdc9208a.1.amzn1
  xfsprogs.x86_64 0:4.5.0-18.23.amzn1

Complete!
[root@ip-172-31-5-238 ec2-user]# service docker start
Starting cgconfig service:                                 [  OK  ]
Starting docker:        .                                  [  OK  ]
[root@ip-172-31-5-238 ec2-user]# service docker status
docker (pid  2799) is running...
[root@ip-172-31-5-238 ec2-user]# ls
[root@ip-172-31-5-238 ec2-user]# touch fileA fileB
[root@ip-172-31-5-238 ec2-user]# ls
fileA  fileB
[root@ip-172-31-5-238 ec2-user]# vi dockerfile
[root@ip-172-31-5-238 ec2-user]# cat dockerfile
FROM ubuntu
VOLUME ["/myvolume"]
[root@ip-172-31-5-238 ec2-user]# docker build -t myimage .
Sending build context to Docker daemon   7.68kB
Step 1/2 : FROM ubuntu
latest: Pulling from library/ubuntu
d72e567cc804: Pull complete
0f3630e5ff08: Pull complete
b6a83d81d1f4: Pull complete
Digest: sha256:bc2f7250f69267c9c6b66d7b6a81a54d3878bb85f1ebb5f951c896d13e6ba537
Status: Downloaded newer image for ubuntu:latest
 ---> 9140108b62dc
Step 2/2 : VOLUME ["/myvolume"]
 ---> Running in eb07cfd9ce48
Removing intermediate container eb07cfd9ce48
 ---> b946bf3ded45
Successfully built b946bf3ded45
Successfully tagged myimage:latest
[root@ip-172-31-5-238 ec2-user]# docker inspect myimage:latest
[
    {
        "Id": "sha256:b946bf3ded454b976e44b5f6ad4f8f28afef3a2d1ab36b89d16484862be005fa",
        "RepoTags": [
            "myimage:latest"
        ],
        "RepoDigests": [],
        "Parent": "sha256:9140108b62dc87d9b278bb0d4fd6a3e44c2959646eb966b86531306faa81b09b",
        "Comment": "",
        "Created": "2020-10-13T06:01:08.96810424Z",
        "Container": "eb07cfd9ce4867e1e9e3393cecda60a60788127e07ec1d5bbf40cbb10344d885",
        "ContainerConfig": {
            "Hostname": "eb07cfd9ce48",
            "Domainname": "",
            "User": "",
            "AttachStdin": false,
            "AttachStdout": false,
            "AttachStderr": false,
            "Tty": false,
            "OpenStdin": false,
            "StdinOnce": false,
            "Env": [
                "PATH=/usr/local/sbin:/usr/local/bin:/usr/sbin:/usr/bin:/sbin:/bin"
            ],
            "Cmd": [
                "/bin/sh",
                "-c",
                "#(nop) ",
                "VOLUME [/myvolume]"
            ],
            "ArgsEscaped": true,
            "Image": "sha256:9140108b62dc87d9b278bb0d4fd6a3e44c2959646eb966b86531306faa81b09b",
            "Volumes": {
                "/myvolume": {}
            },
            "WorkingDir": "",
            "Entrypoint": null,
            "OnBuild": null,
            "Labels": {}
        },
        "DockerVersion": "19.03.6-ce",
        "Author": "",
        "Config": {
            "Hostname": "",
            "Domainname": "",
            "User": "",
            "AttachStdin": false,
            "AttachStdout": false,
            "AttachStderr": false,
            "Tty": false,
            "OpenStdin": false,
            "StdinOnce": false,
            "Env": [
                "PATH=/usr/local/sbin:/usr/local/bin:/usr/sbin:/usr/bin:/sbin:/bin"
            ],
            "Cmd": [
                "/bin/bash"
            ],
            "ArgsEscaped": true,
            "Image": "sha256:9140108b62dc87d9b278bb0d4fd6a3e44c2959646eb966b86531306faa81b09b",
            "Volumes": {
                "/myvolume": {}
            },
            "WorkingDir": "",
            "Entrypoint": null,
            "OnBuild": null,
            "Labels": null
        },
        "Architecture": "amd64",
        "Os": "linux",
        "Size": 72875723,
        "VirtualSize": 72875723,
        "GraphDriver": {
            "Data": {
                "LowerDir": "/var/lib/docker/overlay2/44a4fe7d9c694857d1ed3b7ba7f7f8b2e419faf8329e2e7a612f17733bfa9014/diff:/var/lib/docker/overlay2/d2c76519582c3d779d0c4ee2ff4be480c1735d10391168a7620fa8037bd3aa54/diff",
                "MergedDir": "/var/lib/docker/overlay2/c3fad4bf42d71188aab485b8881c8e02a847556817e986dde4a4659381634699/merged",
                "UpperDir": "/var/lib/docker/overlay2/c3fad4bf42d71188aab485b8881c8e02a847556817e986dde4a4659381634699/diff",
                "WorkDir": "/var/lib/docker/overlay2/c3fad4bf42d71188aab485b8881c8e02a847556817e986dde4a4659381634699/work"
            },
            "Name": "overlay2"
        },
        "RootFS": {
            "Type": "layers",
            "Layers": [
                "sha256:d42a4fdf4b2ae8662ff2ca1b695eae571c652a62973c1beb81a296a4f4263d92",
                "sha256:90ac32a0d9ab11e7745283f3051e990054616d631812ac63e324c1a36d2677f5",
                "sha256:782f5f011ddaf2a0bfd38cc2ccabd634095d6e35c8034302d788423f486bb177"
            ]
        },
        "Metadata": {
            "LastTagTime": "2020-10-13T06:01:08.989141993Z"
        }
    }
]
[root@ip-172-31-5-238 ec2-user]# Connection reset by 13.235.78.193 port 22

C:\Users\Priyo>ssh -i C:\Users\Priyo\Downloads\eks.pem ec2-user@13.235.78.193
Last login: Tue Oct 13 05:50:17 2020 from 157.43.211.2

       __|  __|_  )
       _|  (     /   Amazon Linux AMI
      ___|\___|___|

https://aws.amazon.com/amazon-linux-ami/2018.03-release-notes/
[ec2-user@ip-172-31-5-238 ~]$ docker images ls
Got permission denied while trying to connect to the Docker daemon socket at unix:///var/run/docker.sock: Get http://%2Fvar%2Frun%2Fdocker.sock/v1.40/images/json?filters=%7B%22reference%22%3A%7B%22ls%22%3Atrue%7D%7D: dial unix /var/run/docker.sock: connect: permission denied
[ec2-user@ip-172-31-5-238 ~]$ sudo su
[root@ip-172-31-5-238 ec2-user]# docker image ls
REPOSITORY          TAG                 IMAGE ID            CREATED             SIZE
myimage             latest              b946bf3ded45        12 minutes ago      72.9MB
ubuntu              latest              9140108b62dc        2 weeks ago         72.9MB
[root@ip-172-31-5-238 ec2-user]# docker run -it --name container1 myimage /bin/bash
root@15cdb194031e:/# ls
bin  boot  dev  etc  home  lib  lib32  lib64  libx32  media  mnt  myvolume  opt  proc  root  run  sbin  srv  sys  tmp  usr  var
root@15cdb194031e:/# cd myvolume
root@15cdb194031e:/myvolume# ls
root@15cdb194031e:/myvolume# touch fileX fileA fileC
root@15cdb194031e:/myvolume# ls
fileA  fileC  fileX
root@15cdb194031e:/myvolume# exit
exit
[root@ip-172-31-5-238 ec2-user]# docker run -it --name container2 --privileged=true --volumes-from container1 ubuntu /bin/bash
root@347df64e8e28:/# ls
bin  boot  dev  etc  home  lib  lib32  lib64  libx32  media  mnt  myvolume  opt  proc  root  run  sbin  srv  sys  tmp  usr  var
root@347df64e8e28:/# cd myvolume
root@347df64e8e28:/myvolume# ls
fileA  fileC  fileX
root@347df64e8e28:/myvolume# exit
exit
[root@ip-172-31-5-238 ec2-user]# docker start container1
container1
[root@ip-172-31-5-238 ec2-user]# docker attach container1
root@15cdb194031e:/# ls
bin  boot  dev  etc  home  lib  lib32  lib64  libx32  media  mnt  myvolume  opt  proc  root  run  sbin  srv  sys  tmp  usr  var
root@15cdb194031e:/# cd myvolume/
root@15cdb194031e:/myvolume# l
fileA  fileC  fileX
root@15cdb194031e:/myvolume# exit
exit
[root@ip-172-31-5-238 ec2-user]# docker run -it --name=container3 -v /volume2 ubuntu /bin/bash
root@58f3ed702102:/# ls
bin  boot  dev  etc  home  lib  lib32  lib64  libx32  media  mnt  opt  proc  root  run  sbin  srv  sys  tmp  usr  var  volume2
root@58f3ed702102:/# volume2
bash: volume2: command not found
root@58f3ed702102:/# cd volume2
root@58f3ed702102:/volume2# ls
root@58f3ed702102:/volume2# touch fileW fileD
root@58f3ed702102:/volume2# exit
exit
[root@ip-172-31-5-238 ec2-user]# docker run -it --name=container4 --privileged=true --volumes-from container3 ubuntu /bin/bash
root@ba45c0da9496:/# ls
bin  boot  dev  etc  home  lib  lib32  lib64  libx32  media  mnt  opt  proc  root  run  sbin  srv  sys  tmp  usr  var  volume2
root@ba45c0da9496:/# cd volume2
root@ba45c0da9496:/volume2# ls
fileD  fileW
root@ba45c0da9496:/volume2# Connection reset by 13.235.78.193 port 22

C:\Users\Priyo>ssh -i C:\Users\Priyo\Downloads\eks.pem ec2-user@13.235.78.193
Last login: Tue Oct 13 06:12:50 2020 from 157.43.211.2

       __|  __|_  )
       _|  (     /   Amazon Linux AMI
      ___|\___|___|

https://aws.amazon.com/amazon-linux-ami/2018.03-release-notes/
[ec2-user@ip-172-31-5-238 ~]$ sudo su
[root@ip-172-31-5-238 ec2-user]# docker attache container1
docker: 'attache' is not a docker command.
See 'docker --help'
[root@ip-172-31-5-238 ec2-user]# docker attach  container1
You cannot attach to a stopped container, start it first
[root@ip-172-31-5-238 ec2-user]# docker start container1
container1
[root@ip-172-31-5-238 ec2-user]# docker attach  container1
root@15cdb194031e:/# ls
bin  boot  dev  etc  home  lib  lib32  lib64  libx32  media  mnt  myvolume  opt  proc  root  run  sbin  srv  sys  tmp  usr  var
root@15cdb194031e:/# docker inspect myvolume
bash: docker: command not found
root@15cdb194031e:/# ls
bin  boot  dev  etc  home  lib  lib32  lib64  libx32  media  mnt  myvolume  opt  proc  root  run  sbin  srv  sys  tmp  usr  var
root@15cdb194031e:/# docker volume inspect myvolume
bash: docker: command not found
root@15cdb194031e:/# Connection reset by 13.235.78.193 port 22

C:\Users\Priyo> ssh -i C:\Users\Priyo\Downloads\eks.pem ec2-user@13.235.67.54
The authenticity of host '13.235.67.54 (13.235.67.54)' can't be established.
ECDSA key fingerprint is SHA256:/2ixMaNhCEqwdNo7ZR6ET84CZzh7upwpvDTHjWnKaJc.
Are you sure you want to continue connecting (yes/no)? yes
Warning: Permanently added '13.235.67.54' (ECDSA) to the list of known hosts.
Last login: Tue Oct 13 06:39:44 2020 from 157.43.211.2

       __|  __|_  )
       _|  (     /   Amazon Linux AMI
      ___|\___|___|

https://aws.amazon.com/amazon-linux-ami/2018.03-release-notes/
[ec2-user@ip-172-31-5-238 ~]$ sudo su
[root@ip-172-31-5-238 ec2-user]# yum install -y
Loaded plugins: priorities, update-motd, upgrade-helper
Error: Need to pass a list of pkgs to install
 Mini usage:

install PACKAGE...

Install a package or packages on your system

aliases: install-n, install-na, install-nevra
[root@ip-172-31-5-238 ec2-user]# yum update -y
Loaded plugins: priorities, update-motd, upgrade-helper
No packages marked for update
[root@ip-172-31-5-238 ec2-user]# service docker start
[root@ip-172-31-5-238 ec2-user]# docker run -td --name webserver -p 80:80 ubuntu
b3090ab369f84e90fb231ef9a3cdf35bc2db775423cb7ef97d39f84bca511dc2
[root@ip-172-31-5-238 ec2-user]# docker ps
CONTAINER ID        IMAGE               COMMAND             CREATED             STATUS              PORTS                NAMES
b3090ab369f8        ubuntu              "/bin/bash"         16 seconds ago      Up 14 seconds       0.0.0.0:80->80/tcp   webserver
[root@ip-172-31-5-238 ec2-user]# docker attach b3090ab369f8
root@b3090ab369f8:/# exit

^C
[root@ip-172-31-5-238 ec2-user]# docker port webserver
80/tcp -> 0.0.0.0:80
[root@ip-172-31-5-238 ec2-user]# docker exec -it
"docker exec" requires at least 2 arguments.
See 'docker exec --help'.

Usage:  docker exec [OPTIONS] CONTAINER COMMAND [ARG...]

Run a command in a running container
[root@ip-172-31-5-238 ec2-user]# docker exec -it webserver /bin/bash
root@b3090ab369f8:/# apt get update
E: Invalid operation get
root@b3090ab369f8:/# apt-get update
Get:1 http://archive.ubuntu.com/ubuntu focal InRelease [265 kB]
Get:2 http://security.ubuntu.com/ubuntu focal-security InRelease [107 kB]
Get:3 http://security.ubuntu.com/ubuntu focal-security/restricted amd64 Packages [75.9 kB]
Get:4 http://archive.ubuntu.com/ubuntu focal-updates InRelease [111 kB]
Get:5 http://archive.ubuntu.com/ubuntu focal-backports InRelease [98.3 kB]
Get:6 http://security.ubuntu.com/ubuntu focal-security/main amd64 Packages [406 kB]
Get:7 http://archive.ubuntu.com/ubuntu focal/main amd64 Packages [1275 kB]
Get:8 http://security.ubuntu.com/ubuntu focal-security/multiverse amd64 Packages [1169 B]
Get:9 http://security.ubuntu.com/ubuntu focal-security/universe amd64 Packages [626 kB]
Get:10 http://archive.ubuntu.com/ubuntu focal/multiverse amd64 Packages [177 kB]
Get:11 http://archive.ubuntu.com/ubuntu focal/restricted amd64 Packages [33.4 kB]
Get:12 http://archive.ubuntu.com/ubuntu focal/universe amd64 Packages [11.3 MB]
Get:13 http://archive.ubuntu.com/ubuntu focal-updates/main amd64 Packages [748 kB]
Get:14 http://archive.ubuntu.com/ubuntu focal-updates/universe amd64 Packages [835 kB]
Get:15 http://archive.ubuntu.com/ubuntu focal-updates/multiverse amd64 Packages [21.6 kB]
Get:16 http://archive.ubuntu.com/ubuntu focal-updates/restricted amd64 Packages [89.3 kB]
Get:17 http://archive.ubuntu.com/ubuntu focal-backports/universe amd64 Packages [4277 B]
Fetched 16.2 MB in 3s (4839 kB/s)
Reading package lists... Done
root@b3090ab369f8:/# apt-get install apache2 -y
Reading package lists... Done
Building dependency tree
Reading state information... Done
The following additional packages will be installed:
  apache2-bin apache2-data apache2-utils ca-certificates file krb5-locales libapr1 libaprutil1 libaprutil1-dbd-sqlite3 libaprutil1-ldap libasn1-8-heimdal libbrotli1
  libcurl4 libexpat1 libgdbm-compat4 libgdbm6 libgssapi-krb5-2 libgssapi3-heimdal libhcrypto4-heimdal libheimbase1-heimdal libheimntlm0-heimdal libhx509-5-heimdal
  libicu66 libjansson4 libk5crypto3 libkeyutils1 libkrb5-26-heimdal libkrb5-3 libkrb5support0 libldap-2.4-2 libldap-common liblua5.2-0 libmagic-mgc libmagic1
  libnghttp2-14 libperl5.30 libpsl5 libroken18-heimdal librtmp1 libsasl2-2 libsasl2-modules libsasl2-modules-db libsqlite3-0 libssh-4 libssl1.1 libwind0-heimdal
  libxml2 mime-support netbase openssl perl perl-modules-5.30 publicsuffix ssl-cert tzdata xz-utils
Suggested packages:
  apache2-doc apache2-suexec-pristine | apache2-suexec-custom www-browser ufw gdbm-l10n krb5-doc krb5-user libsasl2-modules-gssapi-mit
  | libsasl2-modules-gssapi-heimdal libsasl2-modules-ldap libsasl2-modules-otp libsasl2-modules-sql perl-doc libterm-readline-gnu-perl | libterm-readline-perl-perl
  make libb-debug-perl liblocale-codes-perl openssl-blacklist
The following NEW packages will be installed:
  apache2 apache2-bin apache2-data apache2-utils ca-certificates file krb5-locales libapr1 libaprutil1 libaprutil1-dbd-sqlite3 libaprutil1-ldap libasn1-8-heimdal
  libbrotli1 libcurl4 libexpat1 libgdbm-compat4 libgdbm6 libgssapi-krb5-2 libgssapi3-heimdal libhcrypto4-heimdal libheimbase1-heimdal libheimntlm0-heimdal
  libhx509-5-heimdal libicu66 libjansson4 libk5crypto3 libkeyutils1 libkrb5-26-heimdal libkrb5-3 libkrb5support0 libldap-2.4-2 libldap-common liblua5.2-0 libmagic-mgc
  libmagic1 libnghttp2-14 libperl5.30 libpsl5 libroken18-heimdal librtmp1 libsasl2-2 libsasl2-modules libsasl2-modules-db libsqlite3-0 libssh-4 libssl1.1
  libwind0-heimdal libxml2 mime-support netbase openssl perl perl-modules-5.30 publicsuffix ssl-cert tzdata xz-utils
0 upgraded, 57 newly installed, 0 to remove and 4 not upgraded.
Need to get 24.1 MB of archives.
After this operation, 117 MB of additional disk space will be used.
Get:1 http://archive.ubuntu.com/ubuntu focal/main amd64 perl-modules-5.30 all 5.30.0-9build1 [2737 kB]
Get:2 http://archive.ubuntu.com/ubuntu focal/main amd64 libgdbm6 amd64 1.18.1-5 [27.4 kB]
Get:3 http://archive.ubuntu.com/ubuntu focal/main amd64 libgdbm-compat4 amd64 1.18.1-5 [6244 B]
Get:4 http://archive.ubuntu.com/ubuntu focal/main amd64 libperl5.30 amd64 5.30.0-9build1 [3943 kB]
Get:5 http://archive.ubuntu.com/ubuntu focal/main amd64 perl amd64 5.30.0-9build1 [224 kB]
Get:6 http://archive.ubuntu.com/ubuntu focal/main amd64 libapr1 amd64 1.6.5-1ubuntu1 [91.4 kB]
Get:7 http://archive.ubuntu.com/ubuntu focal/main amd64 libexpat1 amd64 2.2.9-1build1 [73.3 kB]
Get:8 http://archive.ubuntu.com/ubuntu focal/main amd64 libssl1.1 amd64 1.1.1f-1ubuntu2 [1318 kB]
Get:9 http://archive.ubuntu.com/ubuntu focal/main amd64 libaprutil1 amd64 1.6.1-4ubuntu2 [84.7 kB]
Get:10 http://archive.ubuntu.com/ubuntu focal-updates/main amd64 libsqlite3-0 amd64 3.31.1-4ubuntu0.2 [549 kB]
Get:11 http://archive.ubuntu.com/ubuntu focal/main amd64 libaprutil1-dbd-sqlite3 amd64 1.6.1-4ubuntu2 [10.5 kB]
Get:12 http://archive.ubuntu.com/ubuntu focal/main amd64 libroken18-heimdal amd64 7.7.0+dfsg-1ubuntu1 [41.8 kB]
Get:13 http://archive.ubuntu.com/ubuntu focal/main amd64 libasn1-8-heimdal amd64 7.7.0+dfsg-1ubuntu1 [181 kB]
Get:14 http://archive.ubuntu.com/ubuntu focal/main amd64 libheimbase1-heimdal amd64 7.7.0+dfsg-1ubuntu1 [29.7 kB]
Get:15 http://archive.ubuntu.com/ubuntu focal/main amd64 libhcrypto4-heimdal amd64 7.7.0+dfsg-1ubuntu1 [87.9 kB]
Get:16 http://archive.ubuntu.com/ubuntu focal/main amd64 libwind0-heimdal amd64 7.7.0+dfsg-1ubuntu1 [48.0 kB]
Get:17 http://archive.ubuntu.com/ubuntu focal/main amd64 libhx509-5-heimdal amd64 7.7.0+dfsg-1ubuntu1 [107 kB]
Get:18 http://archive.ubuntu.com/ubuntu focal/main amd64 libkrb5-26-heimdal amd64 7.7.0+dfsg-1ubuntu1 [208 kB]
Get:19 http://archive.ubuntu.com/ubuntu focal/main amd64 libheimntlm0-heimdal amd64 7.7.0+dfsg-1ubuntu1 [15.1 kB]
Get:20 http://archive.ubuntu.com/ubuntu focal/main amd64 libgssapi3-heimdal amd64 7.7.0+dfsg-1ubuntu1 [96.1 kB]
Get:21 http://archive.ubuntu.com/ubuntu focal/main amd64 libsasl2-modules-db amd64 2.1.27+dfsg-2 [14.9 kB]
Get:22 http://archive.ubuntu.com/ubuntu focal/main amd64 libsasl2-2 amd64 2.1.27+dfsg-2 [49.3 kB]
Get:23 http://archive.ubuntu.com/ubuntu focal-updates/main amd64 libldap-common all 2.4.49+dfsg-2ubuntu1.3 [17.0 kB]
Get:24 http://archive.ubuntu.com/ubuntu focal-updates/main amd64 libldap-2.4-2 amd64 2.4.49+dfsg-2ubuntu1.3 [155 kB]
Get:25 http://archive.ubuntu.com/ubuntu focal/main amd64 libaprutil1-ldap amd64 1.6.1-4ubuntu2 [8736 B]
Get:26 http://archive.ubuntu.com/ubuntu focal-updates/main amd64 libbrotli1 amd64 1.0.7-6ubuntu0.1 [267 kB]
Get:27 http://archive.ubuntu.com/ubuntu focal/main amd64 libkrb5support0 amd64 1.17-6ubuntu4 [30.9 kB]
Get:28 http://archive.ubuntu.com/ubuntu focal/main amd64 libk5crypto3 amd64 1.17-6ubuntu4 [80.2 kB]
Get:29 http://archive.ubuntu.com/ubuntu focal/main amd64 libkeyutils1 amd64 1.6-6ubuntu1 [10.2 kB]
Get:30 http://archive.ubuntu.com/ubuntu focal/main amd64 libkrb5-3 amd64 1.17-6ubuntu4 [330 kB]
Get:31 http://archive.ubuntu.com/ubuntu focal/main amd64 libgssapi-krb5-2 amd64 1.17-6ubuntu4 [121 kB]
Get:32 http://archive.ubuntu.com/ubuntu focal/main amd64 libnghttp2-14 amd64 1.40.0-1build1 [78.7 kB]
Get:33 http://archive.ubuntu.com/ubuntu focal/main amd64 libpsl5 amd64 0.21.0-1ubuntu1 [51.5 kB]
Get:34 http://archive.ubuntu.com/ubuntu focal/main amd64 librtmp1 amd64 2.4+20151223.gitfa8646d.1-2build1 [54.9 kB]
Get:35 http://archive.ubuntu.com/ubuntu focal-updates/main amd64 libssh-4 amd64 0.9.3-2ubuntu2.1 [170 kB]
Get:36 http://archive.ubuntu.com/ubuntu focal-updates/main amd64 libcurl4 amd64 7.68.0-1ubuntu2.2 [233 kB]
Get:37 http://archive.ubuntu.com/ubuntu focal/main amd64 libjansson4 amd64 2.12-1build1 [28.9 kB]
Get:38 http://archive.ubuntu.com/ubuntu focal/main amd64 liblua5.2-0 amd64 5.2.4-1.1build3 [106 kB]
Get:39 http://archive.ubuntu.com/ubuntu focal-updates/main amd64 tzdata all 2020a-0ubuntu0.20.04 [293 kB]
Get:40 http://archive.ubuntu.com/ubuntu focal/main amd64 libicu66 amd64 66.1-2ubuntu2 [8520 kB]
Get:41 http://archive.ubuntu.com/ubuntu focal/main amd64 libxml2 amd64 2.9.10+dfsg-5 [640 kB]
Get:42 http://archive.ubuntu.com/ubuntu focal-updates/main amd64 apache2-bin amd64 2.4.41-4ubuntu3.1 [1180 kB]
Get:43 http://archive.ubuntu.com/ubuntu focal-updates/main amd64 apache2-data all 2.4.41-4ubuntu3.1 [158 kB]
Get:44 http://archive.ubuntu.com/ubuntu focal-updates/main amd64 apache2-utils amd64 2.4.41-4ubuntu3.1 [83.8 kB]
Get:45 http://archive.ubuntu.com/ubuntu focal/main amd64 mime-support all 3.64ubuntu1 [30.6 kB]
Get:46 http://archive.ubuntu.com/ubuntu focal-updates/main amd64 apache2 amd64 2.4.41-4ubuntu3.1 [95.5 kB]
Get:47 http://archive.ubuntu.com/ubuntu focal/main amd64 openssl amd64 1.1.1f-1ubuntu2 [621 kB]
Get:48 http://archive.ubuntu.com/ubuntu focal-updates/main amd64 ca-certificates all 20190110ubuntu1.1 [145 kB]
Get:49 http://archive.ubuntu.com/ubuntu focal/main amd64 libmagic-mgc amd64 1:5.38-4 [218 kB]
Get:50 http://archive.ubuntu.com/ubuntu focal/main amd64 libmagic1 amd64 1:5.38-4 [75.9 kB]
Get:51 http://archive.ubuntu.com/ubuntu focal/main amd64 file amd64 1:5.38-4 [23.3 kB]
Get:52 http://archive.ubuntu.com/ubuntu focal/main amd64 netbase all 6.1 [13.1 kB]
Get:53 http://archive.ubuntu.com/ubuntu focal-updates/main amd64 xz-utils amd64 5.2.4-1ubuntu1 [82.5 kB]
Get:54 http://archive.ubuntu.com/ubuntu focal/main amd64 krb5-locales all 1.17-6ubuntu4 [11.4 kB]
Get:55 http://archive.ubuntu.com/ubuntu focal/main amd64 publicsuffix all 20200303.0012-1 [111 kB]
Get:56 http://archive.ubuntu.com/ubuntu focal/main amd64 libsasl2-modules amd64 2.1.27+dfsg-2 [49.1 kB]
Get:57 http://archive.ubuntu.com/ubuntu focal/main amd64 ssl-cert all 1.0.39 [17.0 kB]
Fetched 24.1 MB in 4s (6365 kB/s)
debconf: delaying package configuration, since apt-utils is not installed
Selecting previously unselected package perl-modules-5.30.
(Reading database ... 4121 files and directories currently installed.)
Preparing to unpack .../00-perl-modules-5.30_5.30.0-9build1_all.deb ...
Unpacking perl-modules-5.30 (5.30.0-9build1) ...
Selecting previously unselected package libgdbm6:amd64.
Preparing to unpack .../01-libgdbm6_1.18.1-5_amd64.deb ...
Unpacking libgdbm6:amd64 (1.18.1-5) ...
Selecting previously unselected package libgdbm-compat4:amd64.
Preparing to unpack .../02-libgdbm-compat4_1.18.1-5_amd64.deb ...
Unpacking libgdbm-compat4:amd64 (1.18.1-5) ...
Selecting previously unselected package libperl5.30:amd64.
Preparing to unpack .../03-libperl5.30_5.30.0-9build1_amd64.deb ...
Unpacking libperl5.30:amd64 (5.30.0-9build1) ...
Selecting previously unselected package perl.
Preparing to unpack .../04-perl_5.30.0-9build1_amd64.deb ...
Unpacking perl (5.30.0-9build1) ...
Selecting previously unselected package libapr1:amd64.
Preparing to unpack .../05-libapr1_1.6.5-1ubuntu1_amd64.deb ...
Unpacking libapr1:amd64 (1.6.5-1ubuntu1) ...
Selecting previously unselected package libexpat1:amd64.
Preparing to unpack .../06-libexpat1_2.2.9-1build1_amd64.deb ...
Unpacking libexpat1:amd64 (2.2.9-1build1) ...
Selecting previously unselected package libssl1.1:amd64.
Preparing to unpack .../07-libssl1.1_1.1.1f-1ubuntu2_amd64.deb ...
Unpacking libssl1.1:amd64 (1.1.1f-1ubuntu2) ...
Selecting previously unselected package libaprutil1:amd64.
Preparing to unpack .../08-libaprutil1_1.6.1-4ubuntu2_amd64.deb ...
Unpacking libaprutil1:amd64 (1.6.1-4ubuntu2) ...
Selecting previously unselected package libsqlite3-0:amd64.
Preparing to unpack .../09-libsqlite3-0_3.31.1-4ubuntu0.2_amd64.deb ...
Unpacking libsqlite3-0:amd64 (3.31.1-4ubuntu0.2) ...
Selecting previously unselected package libaprutil1-dbd-sqlite3:amd64.
Preparing to unpack .../10-libaprutil1-dbd-sqlite3_1.6.1-4ubuntu2_amd64.deb ...
Unpacking libaprutil1-dbd-sqlite3:amd64 (1.6.1-4ubuntu2) ...
Selecting previously unselected package libroken18-heimdal:amd64.
Preparing to unpack .../11-libroken18-heimdal_7.7.0+dfsg-1ubuntu1_amd64.deb ...
Unpacking libroken18-heimdal:amd64 (7.7.0+dfsg-1ubuntu1) ...
Selecting previously unselected package libasn1-8-heimdal:amd64.
Preparing to unpack .../12-libasn1-8-heimdal_7.7.0+dfsg-1ubuntu1_amd64.deb ...
Unpacking libasn1-8-heimdal:amd64 (7.7.0+dfsg-1ubuntu1) ...
Selecting previously unselected package libheimbase1-heimdal:amd64.
Preparing to unpack .../13-libheimbase1-heimdal_7.7.0+dfsg-1ubuntu1_amd64.deb ...
Unpacking libheimbase1-heimdal:amd64 (7.7.0+dfsg-1ubuntu1) ...
Selecting previously unselected package libhcrypto4-heimdal:amd64.
Preparing to unpack .../14-libhcrypto4-heimdal_7.7.0+dfsg-1ubuntu1_amd64.deb ...
Unpacking libhcrypto4-heimdal:amd64 (7.7.0+dfsg-1ubuntu1) ...
Selecting previously unselected package libwind0-heimdal:amd64.
Preparing to unpack .../15-libwind0-heimdal_7.7.0+dfsg-1ubuntu1_amd64.deb ...
Unpacking libwind0-heimdal:amd64 (7.7.0+dfsg-1ubuntu1) ...
Selecting previously unselected package libhx509-5-heimdal:amd64.
Preparing to unpack .../16-libhx509-5-heimdal_7.7.0+dfsg-1ubuntu1_amd64.deb ...
Unpacking libhx509-5-heimdal:amd64 (7.7.0+dfsg-1ubuntu1) ...
Selecting previously unselected package libkrb5-26-heimdal:amd64.
Preparing to unpack .../17-libkrb5-26-heimdal_7.7.0+dfsg-1ubuntu1_amd64.deb ...
Unpacking libkrb5-26-heimdal:amd64 (7.7.0+dfsg-1ubuntu1) ...
Selecting previously unselected package libheimntlm0-heimdal:amd64.
Preparing to unpack .../18-libheimntlm0-heimdal_7.7.0+dfsg-1ubuntu1_amd64.deb ...
Unpacking libheimntlm0-heimdal:amd64 (7.7.0+dfsg-1ubuntu1) ...
Selecting previously unselected package libgssapi3-heimdal:amd64.
Preparing to unpack .../19-libgssapi3-heimdal_7.7.0+dfsg-1ubuntu1_amd64.deb ...
Unpacking libgssapi3-heimdal:amd64 (7.7.0+dfsg-1ubuntu1) ...
Selecting previously unselected package libsasl2-modules-db:amd64.
Preparing to unpack .../20-libsasl2-modules-db_2.1.27+dfsg-2_amd64.deb ...
Unpacking libsasl2-modules-db:amd64 (2.1.27+dfsg-2) ...
Selecting previously unselected package libsasl2-2:amd64.
Preparing to unpack .../21-libsasl2-2_2.1.27+dfsg-2_amd64.deb ...
Unpacking libsasl2-2:amd64 (2.1.27+dfsg-2) ...
Selecting previously unselected package libldap-common.
Preparing to unpack .../22-libldap-common_2.4.49+dfsg-2ubuntu1.3_all.deb ...
Unpacking libldap-common (2.4.49+dfsg-2ubuntu1.3) ...
Selecting previously unselected package libldap-2.4-2:amd64.
Preparing to unpack .../23-libldap-2.4-2_2.4.49+dfsg-2ubuntu1.3_amd64.deb ...
Unpacking libldap-2.4-2:amd64 (2.4.49+dfsg-2ubuntu1.3) ...
Selecting previously unselected package libaprutil1-ldap:amd64.
Preparing to unpack .../24-libaprutil1-ldap_1.6.1-4ubuntu2_amd64.deb ...
Unpacking libaprutil1-ldap:amd64 (1.6.1-4ubuntu2) ...
Selecting previously unselected package libbrotli1:amd64.
Preparing to unpack .../25-libbrotli1_1.0.7-6ubuntu0.1_amd64.deb ...
Unpacking libbrotli1:amd64 (1.0.7-6ubuntu0.1) ...
Selecting previously unselected package libkrb5support0:amd64.
Preparing to unpack .../26-libkrb5support0_1.17-6ubuntu4_amd64.deb ...
Unpacking libkrb5support0:amd64 (1.17-6ubuntu4) ...
Selecting previously unselected package libk5crypto3:amd64.
Preparing to unpack .../27-libk5crypto3_1.17-6ubuntu4_amd64.deb ...
Unpacking libk5crypto3:amd64 (1.17-6ubuntu4) ...
Selecting previously unselected package libkeyutils1:amd64.
Preparing to unpack .../28-libkeyutils1_1.6-6ubuntu1_amd64.deb ...
Unpacking libkeyutils1:amd64 (1.6-6ubuntu1) ...
Selecting previously unselected package libkrb5-3:amd64.
Preparing to unpack .../29-libkrb5-3_1.17-6ubuntu4_amd64.deb ...
Unpacking libkrb5-3:amd64 (1.17-6ubuntu4) ...
Selecting previously unselected package libgssapi-krb5-2:amd64.
Preparing to unpack .../30-libgssapi-krb5-2_1.17-6ubuntu4_amd64.deb ...
Unpacking libgssapi-krb5-2:amd64 (1.17-6ubuntu4) ...
Selecting previously unselected package libnghttp2-14:amd64.
Preparing to unpack .../31-libnghttp2-14_1.40.0-1build1_amd64.deb ...
Unpacking libnghttp2-14:amd64 (1.40.0-1build1) ...
Selecting previously unselected package libpsl5:amd64.
Preparing to unpack .../32-libpsl5_0.21.0-1ubuntu1_amd64.deb ...
Unpacking libpsl5:amd64 (0.21.0-1ubuntu1) ...
Selecting previously unselected package librtmp1:amd64.
Preparing to unpack .../33-librtmp1_2.4+20151223.gitfa8646d.1-2build1_amd64.deb ...
Unpacking librtmp1:amd64 (2.4+20151223.gitfa8646d.1-2build1) ...
Selecting previously unselected package libssh-4:amd64.
Preparing to unpack .../34-libssh-4_0.9.3-2ubuntu2.1_amd64.deb ...
Unpacking libssh-4:amd64 (0.9.3-2ubuntu2.1) ...
Selecting previously unselected package libcurl4:amd64.
Preparing to unpack .../35-libcurl4_7.68.0-1ubuntu2.2_amd64.deb ...
Unpacking libcurl4:amd64 (7.68.0-1ubuntu2.2) ...
Selecting previously unselected package libjansson4:amd64.
Preparing to unpack .../36-libjansson4_2.12-1build1_amd64.deb ...
Unpacking libjansson4:amd64 (2.12-1build1) ...
Selecting previously unselected package liblua5.2-0:amd64.
Preparing to unpack .../37-liblua5.2-0_5.2.4-1.1build3_amd64.deb ...
Unpacking liblua5.2-0:amd64 (5.2.4-1.1build3) ...
Selecting previously unselected package tzdata.
Preparing to unpack .../38-tzdata_2020a-0ubuntu0.20.04_all.deb ...
Unpacking tzdata (2020a-0ubuntu0.20.04) ...
Selecting previously unselected package libicu66:amd64.
Preparing to unpack .../39-libicu66_66.1-2ubuntu2_amd64.deb ...
Unpacking libicu66:amd64 (66.1-2ubuntu2) ...
Selecting previously unselected package libxml2:amd64.
Preparing to unpack .../40-libxml2_2.9.10+dfsg-5_amd64.deb ...
Unpacking libxml2:amd64 (2.9.10+dfsg-5) ...
Selecting previously unselected package apache2-bin.
Preparing to unpack .../41-apache2-bin_2.4.41-4ubuntu3.1_amd64.deb ...
Unpacking apache2-bin (2.4.41-4ubuntu3.1) ...
Selecting previously unselected package apache2-data.
Preparing to unpack .../42-apache2-data_2.4.41-4ubuntu3.1_all.deb ...
Unpacking apache2-data (2.4.41-4ubuntu3.1) ...
Selecting previously unselected package apache2-utils.
Preparing to unpack .../43-apache2-utils_2.4.41-4ubuntu3.1_amd64.deb ...
Unpacking apache2-utils (2.4.41-4ubuntu3.1) ...
Selecting previously unselected package mime-support.
Preparing to unpack .../44-mime-support_3.64ubuntu1_all.deb ...
Unpacking mime-support (3.64ubuntu1) ...
Selecting previously unselected package apache2.
Preparing to unpack .../45-apache2_2.4.41-4ubuntu3.1_amd64.deb ...
Unpacking apache2 (2.4.41-4ubuntu3.1) ...
Selecting previously unselected package openssl.
Preparing to unpack .../46-openssl_1.1.1f-1ubuntu2_amd64.deb ...
Unpacking openssl (1.1.1f-1ubuntu2) ...
Selecting previously unselected package ca-certificates.
Preparing to unpack .../47-ca-certificates_20190110ubuntu1.1_all.deb ...
Unpacking ca-certificates (20190110ubuntu1.1) ...
Selecting previously unselected package libmagic-mgc.
Preparing to unpack .../48-libmagic-mgc_1%3a5.38-4_amd64.deb ...
Unpacking libmagic-mgc (1:5.38-4) ...
Selecting previously unselected package libmagic1:amd64.
Preparing to unpack .../49-libmagic1_1%3a5.38-4_amd64.deb ...
Unpacking libmagic1:amd64 (1:5.38-4) ...
Selecting previously unselected package file.
Preparing to unpack .../50-file_1%3a5.38-4_amd64.deb ...
Unpacking file (1:5.38-4) ...
Selecting previously unselected package netbase.
Preparing to unpack .../51-netbase_6.1_all.deb ...
Unpacking netbase (6.1) ...
Selecting previously unselected package xz-utils.
Preparing to unpack .../52-xz-utils_5.2.4-1ubuntu1_amd64.deb ...
Unpacking xz-utils (5.2.4-1ubuntu1) ...
Selecting previously unselected package krb5-locales.
Preparing to unpack .../53-krb5-locales_1.17-6ubuntu4_all.deb ...
Unpacking krb5-locales (1.17-6ubuntu4) ...
Selecting previously unselected package publicsuffix.
Preparing to unpack .../54-publicsuffix_20200303.0012-1_all.deb ...
Unpacking publicsuffix (20200303.0012-1) ...
Selecting previously unselected package libsasl2-modules:amd64.
Preparing to unpack .../55-libsasl2-modules_2.1.27+dfsg-2_amd64.deb ...
Unpacking libsasl2-modules:amd64 (2.1.27+dfsg-2) ...
Selecting previously unselected package ssl-cert.
Preparing to unpack .../56-ssl-cert_1.0.39_all.deb ...
Unpacking ssl-cert (1.0.39) ...
Setting up libexpat1:amd64 (2.2.9-1build1) ...
Setting up libkeyutils1:amd64 (1.6-6ubuntu1) ...
Setting up libpsl5:amd64 (0.21.0-1ubuntu1) ...
Setting up perl-modules-5.30 (5.30.0-9build1) ...
Setting up mime-support (3.64ubuntu1) ...
Setting up libmagic-mgc (1:5.38-4) ...
Setting up libssl1.1:amd64 (1.1.1f-1ubuntu2) ...
debconf: unable to initialize frontend: Dialog
debconf: (No usable dialog-like program is installed, so the dialog based frontend cannot be used. at /usr/share/perl5/Debconf/FrontEnd/Dialog.pm line 76.)
debconf: falling back to frontend: Readline
Setting up libbrotli1:amd64 (1.0.7-6ubuntu0.1) ...
Setting up libsqlite3-0:amd64 (3.31.1-4ubuntu0.2) ...
Setting up libsasl2-modules:amd64 (2.1.27+dfsg-2) ...
Setting up libnghttp2-14:amd64 (1.40.0-1build1) ...
Setting up libmagic1:amd64 (1:5.38-4) ...
Setting up libapr1:amd64 (1.6.5-1ubuntu1) ...
Setting up krb5-locales (1.17-6ubuntu4) ...
Setting up file (1:5.38-4) ...
Setting up libldap-common (2.4.49+dfsg-2ubuntu1.3) ...
Setting up libjansson4:amd64 (2.12-1build1) ...
Setting up libkrb5support0:amd64 (1.17-6ubuntu4) ...
Setting up libsasl2-modules-db:amd64 (2.1.27+dfsg-2) ...
Setting up tzdata (2020a-0ubuntu0.20.04) ...
debconf: unable to initialize frontend: Dialog
debconf: (No usable dialog-like program is installed, so the dialog based frontend cannot be used. at /usr/share/perl5/Debconf/FrontEnd/Dialog.pm line 76.)
debconf: falling back to frontend: Readline
Configuring tzdata
------------------

Please select the geographic area in which you live. Subsequent configuration questions will narrow this down by presenting a list of cities, representing the time
zones in which they are located.

  1. Africa  2. America  3. Antarctica  4. Australia  5. Arctic  6. Asia  7. Atlantic  8. Europe  9. Indian  10. Pacific  11. SystemV  12. US  13. Etc
Geographic area: 6

Please select the city or region corresponding to your time zone.

  1. Aden      11. Baku        21. Damascus     31. Hong_Kong  41. Kashgar       51. Makassar      61. Pyongyang  71. Singapore      81. Ujung_Pandang
  2. Almaty    12. Bangkok     22. Dhaka        32. Hovd       42. Kathmandu     52. Manila        62. Qatar      72. Srednekolymsk  82. Ulaanbaatar
  3. Amman     13. Barnaul     23. Dili         33. Irkutsk    43. Khandyga      53. Muscat        63. Qostanay   73. Taipei         83. Urumqi
  4. Anadyr    14. Beirut      24. Dubai        34. Istanbul   44. Kolkata       54. Nicosia       64. Qyzylorda  74. Tashkent       84. Ust-Nera
  5. Aqtau     15. Bishkek     25. Dushanbe     35. Jakarta    45. Krasnoyarsk   55. Novokuznetsk  65. Rangoon    75. Tbilisi        85. Vientiane
  6. Aqtobe    16. Brunei      26. Famagusta    36. Jayapura   46. Kuala_Lumpur  56. Novosibirsk   66. Riyadh     76. Tehran         86. Vladivostok
  7. Ashgabat  17. Chita       27. Gaza         37. Jerusalem  47. Kuching       57. Omsk          67. Sakhalin   77. Tel_Aviv       87. Yakutsk
  8. Atyrau    18. Choibalsan  28. Harbin       38. Kabul      48. Kuwait        58. Oral          68. Samarkand  78. Thimphu        88. Yangon
  9. Baghdad   19. Chongqing   29. Hebron       39. Kamchatka  49. Macau         59. Phnom_Penh    69. Seoul      79. Tokyo          89. Yekaterinburg
  10. Bahrain  20. Colombo     30. Ho_Chi_Minh  40. Karachi    50. Magadan       60. Pontianak     70. Shanghai   80. Tomsk          90. Yerevan
Time zone: 44


Current default time zone: 'Asia/Kolkata'
Local time is now:      Tue Oct 13 16:56:54 IST 2020.
Universal Time is now:  Tue Oct 13 11:26:54 UTC 2020.
Run 'dpkg-reconfigure tzdata' if you wish to change it.

Setting up librtmp1:amd64 (2.4+20151223.gitfa8646d.1-2build1) ...
Setting up xz-utils (5.2.4-1ubuntu1) ...
update-alternatives: using /usr/bin/xz to provide /usr/bin/lzma (lzma) in auto mode
update-alternatives: warning: skip creation of /usr/share/man/man1/lzma.1.gz because associated file /usr/share/man/man1/xz.1.gz (of link group lzma) doesn't exist
update-alternatives: warning: skip creation of /usr/share/man/man1/unlzma.1.gz because associated file /usr/share/man/man1/unxz.1.gz (of link group lzma) doesn't exist
update-alternatives: warning: skip creation of /usr/share/man/man1/lzcat.1.gz because associated file /usr/share/man/man1/xzcat.1.gz (of link group lzma) doesn't exist
update-alternatives: warning: skip creation of /usr/share/man/man1/lzmore.1.gz because associated file /usr/share/man/man1/xzmore.1.gz (of link group lzma) doesn't exist
update-alternatives: warning: skip creation of /usr/share/man/man1/lzless.1.gz because associated file /usr/share/man/man1/xzless.1.gz (of link group lzma) doesn't exist
update-alternatives: warning: skip creation of /usr/share/man/man1/lzdiff.1.gz because associated file /usr/share/man/man1/xzdiff.1.gz (of link group lzma) doesn't exist
update-alternatives: warning: skip creation of /usr/share/man/man1/lzcmp.1.gz because associated file /usr/share/man/man1/xzcmp.1.gz (of link group lzma) doesn't exist
update-alternatives: warning: skip creation of /usr/share/man/man1/lzgrep.1.gz because associated file /usr/share/man/man1/xzgrep.1.gz (of link group lzma) doesn't exist
update-alternatives: warning: skip creation of /usr/share/man/man1/lzegrep.1.gz because associated file /usr/share/man/man1/xzegrep.1.gz (of link group lzma) doesn't exist
update-alternatives: warning: skip creation of /usr/share/man/man1/lzfgrep.1.gz because associated file /usr/share/man/man1/xzfgrep.1.gz (of link group lzma) doesn't exist
Setting up libk5crypto3:amd64 (1.17-6ubuntu4) ...
Setting up libsasl2-2:amd64 (2.1.27+dfsg-2) ...
Setting up libroken18-heimdal:amd64 (7.7.0+dfsg-1ubuntu1) ...
Setting up liblua5.2-0:amd64 (5.2.4-1.1build3) ...
Setting up netbase (6.1) ...
Setting up libkrb5-3:amd64 (1.17-6ubuntu4) ...
Setting up apache2-data (2.4.41-4ubuntu3.1) ...
Setting up openssl (1.1.1f-1ubuntu2) ...
Setting up publicsuffix (20200303.0012-1) ...
Setting up libheimbase1-heimdal:amd64 (7.7.0+dfsg-1ubuntu1) ...
Setting up libgdbm6:amd64 (1.18.1-5) ...
Setting up libaprutil1:amd64 (1.6.1-4ubuntu2) ...
Setting up libicu66:amd64 (66.1-2ubuntu2) ...
Setting up libasn1-8-heimdal:amd64 (7.7.0+dfsg-1ubuntu1) ...
Setting up libaprutil1-dbd-sqlite3:amd64 (1.6.1-4ubuntu2) ...
Setting up libhcrypto4-heimdal:amd64 (7.7.0+dfsg-1ubuntu1) ...
Setting up ca-certificates (20190110ubuntu1.1) ...
debconf: unable to initialize frontend: Dialog
debconf: (No usable dialog-like program is installed, so the dialog based frontend cannot be used. at /usr/share/perl5/Debconf/FrontEnd/Dialog.pm line 76.)
debconf: falling back to frontend: Readline
Updating certificates in /etc/ssl/certs...
127 added, 0 removed; done.
Setting up libwind0-heimdal:amd64 (7.7.0+dfsg-1ubuntu1) ...
Setting up ssl-cert (1.0.39) ...
debconf: unable to initialize frontend: Dialog
debconf: (No usable dialog-like program is installed, so the dialog based frontend cannot be used. at /usr/share/perl5/Debconf/FrontEnd/Dialog.pm line 76.)
debconf: falling back to frontend: Readline
Setting up libgssapi-krb5-2:amd64 (1.17-6ubuntu4) ...
Setting up libgdbm-compat4:amd64 (1.18.1-5) ...
Setting up libssh-4:amd64 (0.9.3-2ubuntu2.1) ...
Setting up libperl5.30:amd64 (5.30.0-9build1) ...
Setting up libxml2:amd64 (2.9.10+dfsg-5) ...
Setting up apache2-utils (2.4.41-4ubuntu3.1) ...
Setting up libhx509-5-heimdal:amd64 (7.7.0+dfsg-1ubuntu1) ...
Setting up perl (5.30.0-9build1) ...
Setting up libkrb5-26-heimdal:amd64 (7.7.0+dfsg-1ubuntu1) ...
Setting up libheimntlm0-heimdal:amd64 (7.7.0+dfsg-1ubuntu1) ...
Setting up libgssapi3-heimdal:amd64 (7.7.0+dfsg-1ubuntu1) ...
Setting up libldap-2.4-2:amd64 (2.4.49+dfsg-2ubuntu1.3) ...
Setting up libaprutil1-ldap:amd64 (1.6.1-4ubuntu2) ...
Setting up libcurl4:amd64 (7.68.0-1ubuntu2.2) ...
Setting up apache2-bin (2.4.41-4ubuntu3.1) ...
Setting up apache2 (2.4.41-4ubuntu3.1) ...
Enabling module mpm_event.
Enabling module authz_core.
Enabling module authz_host.
Enabling module authn_core.
Enabling module auth_basic.
Enabling module access_compat.
Enabling module authn_file.
Enabling module authz_user.
Enabling module alias.
Enabling module dir.
Enabling module autoindex.
Enabling module env.
Enabling module mime.
Enabling module negotiation.
Enabling module setenvif.
Enabling module filter.
Enabling module deflate.
Enabling module status.
Enabling module reqtimeout.
Enabling conf charset.
Enabling conf localized-error-pages.
Enabling conf other-vhosts-access-log.
Enabling conf security.
Enabling conf serve-cgi-bin.
Enabling site 000-default.
invoke-rc.d: could not determine current runlevel
invoke-rc.d: policy-rc.d denied execution of start.
Processing triggers for libc-bin (2.31-0ubuntu9.1) ...
Processing triggers for ca-certificates (20190110ubuntu1.1) ...
Updating certificates in /etc/ssl/certs...
0 added, 0 removed; done.
Running hooks in /etc/ca-certificates/update.d...
done.
root@b3090ab369f8:/# cd /var/www/html
root@b3090ab369f8:/var/www/html# echo "welcome to webserver in ubuntu" > index.html
root@b3090ab369f8:/var/www/html# service apache2 start
 * Starting Apache httpd web server apache2                                                                                                                             /usr/sbin/apache2ctl: 99: ulimit: error setting limit (Operation not permitted)
Setting ulimit failed. See README.Debian for more information.
AH00558: apache2: Could not reliably determine the server's fully qualified domain name, using 172.17.0.2. Set the 'ServerName' directive globally to suppress this message
 *
root@b3090ab369f8:/var/www/html# service apache2 restart
 * Restarting Apache httpd web server apache2                                                                                                                           /usr/sbin/apache2ctl: 99: ulimit: error setting limit (Operation not permitted)
Setting ulimit failed. See README.Debian for more information.
AH00558: apache2: Could not reliably determine the server's fully qualified domain name, using 172.17.0.2. Set the 'ServerName' directive globally to suppress this message
                                                                                                                                                                 [ OK ]
root@b3090ab369f8:/var/www/html# exit
exit
[root@ip-172-31-5-238 ec2-user]# docker run -td name myjenkins -p 8080:8080 jenkins
Unable to find image 'name:latest' locally
docker: Error response from daemon: pull access denied for name, repository does not exist or may require 'docker login': denied: requested access to the resource is denied.
See 'docker run --help'.
[root@ip-172-31-5-238 ec2-user]# docker login
Login with your Docker ID to push and pull images from Docker Hub. If you don't have a Docker ID, head over to https://hub.docker.com to create one.
Username: priyo19910606
Password:
WARNING! Your password will be stored unencrypted in /root/.docker/config.json.
Configure a credential helper to remove this warning. See
https://docs.docker.com/engine/reference/commandline/login/#credentials-store

Login Succeeded
[root@ip-172-31-5-238 ec2-user]# docker run -td name myjenkins -p 8080:8080 jenkins
Unable to find image 'name:latest' locally
docker: Error response from daemon: pull access denied for name, repository does not exist or may require 'docker login': denied: requested access to the resource is denied.
See 'docker run --help'.
[root@ip-172-31-5-238 ec2-user]# aws configure
AWS Access Key ID [None]: AKIAQ5YYGUJDP4OISIEV
AWS Secret Access Key [None]: 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
Default region name [None]:
Default output format [None]:
[root@ip-172-31-5-238 ec2-user]# docker run -td name myjenkins -p 8080:8080 jenkins
Unable to find image 'name:latest' locally
docker: Error response from daemon: pull access denied for name, repository does not exist or may require 'docker login': denied: requested access to the resource is denied.
See 'docker run --help'.
[root@ip-172-31-5-238 ec2-user]# docker login
Authenticating with existing credentials...
WARNING! Your password will be stored unencrypted in /root/.docker/config.json.
Configure a credential helper to remove this warning. See
https://docs.docker.com/engine/reference/commandline/login/#credentials-store

Login Succeeded
[root@ip-172-31-5-238 ec2-user]# docker run -td name myjenkins -p 8080:8080 jenkins
Unable to find image 'name:latest' locally
docker: Error response from daemon: pull access denied for name, repository does not exist or may require 'docker login': denied: requested access to the resource is denied.
See 'docker run --help'.
[root@ip-172-31-5-238 ec2-user]# docker run -td name myjenkins -p 8080:8080 jenkins /bin/bash
Unable to find image 'name:latest' locally
docker: Error response from daemon: pull access denied for name, repository does not exist or may require 'docker login': denied: requested access to the resource is denied.
See 'docker run --help'.
[root@ip-172-31-5-238 ec2-user]# docker run --help

Usage:  docker run [OPTIONS] IMAGE [COMMAND] [ARG...]

Run a command in a new container

Options:
      --add-host list                  Add a custom host-to-IP mapping (host:ip)
  -a, --attach list                    Attach to STDIN, STDOUT or STDERR
      --blkio-weight uint16            Block IO (relative weight), between 10 and 1000, or 0 to disable (default 0)
      --blkio-weight-device list       Block IO weight (relative device weight) (default [])
      --cap-add list                   Add Linux capabilities
      --cap-drop list                  Drop Linux capabilities
      --cgroup-parent string           Optional parent cgroup for the container
      --cidfile string                 Write the container ID to the file
      --cpu-period int                 Limit CPU CFS (Completely Fair Scheduler) period
      --cpu-quota int                  Limit CPU CFS (Completely Fair Scheduler) quota
      --cpu-rt-period int              Limit CPU real-time period in microseconds
      --cpu-rt-runtime int             Limit CPU real-time runtime in microseconds
  -c, --cpu-shares int                 CPU shares (relative weight)
      --cpus decimal                   Number of CPUs
      --cpuset-cpus string             CPUs in which to allow execution (0-3, 0,1)
      --cpuset-mems string             MEMs in which to allow execution (0-3, 0,1)
  -d, --detach                         Run container in background and print container ID
      --detach-keys string             Override the key sequence for detaching a container
      --device list                    Add a host device to the container
      --device-cgroup-rule list        Add a rule to the cgroup allowed devices list
      --device-read-bps list           Limit read rate (bytes per second) from a device (default [])
      --device-read-iops list          Limit read rate (IO per second) from a device (default [])
      --device-write-bps list          Limit write rate (bytes per second) to a device (default [])
      --device-write-iops list         Limit write rate (IO per second) to a device (default [])
      --disable-content-trust          Skip image verification (default true)
      --dns list                       Set custom DNS servers
      --dns-option list                Set DNS options
      --dns-search list                Set custom DNS search domains
      --domainname string              Container NIS domain name
      --entrypoint string              Overwrite the default ENTRYPOINT of the image
  -e, --env list                       Set environment variables
      --env-file list                  Read in a file of environment variables
      --expose list                    Expose a port or a range of ports
      --gpus gpu-request               GPU devices to add to the container ('all' to pass all GPUs)
      --group-add list                 Add additional groups to join
      --health-cmd string              Command to run to check health
      --health-interval duration       Time between running the check (ms|s|m|h) (default 0s)
      --health-retries int             Consecutive failures needed to report unhealthy
      --health-start-period duration   Start period for the container to initialize before starting health-retries countdown (ms|s|m|h) (default 0s)
      --health-timeout duration        Maximum time to allow one check to run (ms|s|m|h) (default 0s)
      --help                           Print usage
  -h, --hostname string                Container host name
      --init                           Run an init inside the container that forwards signals and reaps processes
  -i, --interactive                    Keep STDIN open even if not attached
      --ip string                      IPv4 address (e.g., 172.30.100.104)
      --ip6 string                     IPv6 address (e.g., 2001:db8::33)
      --ipc string                     IPC mode to use
      --isolation string               Container isolation technology
      --kernel-memory bytes            Kernel memory limit
  -l, --label list                     Set meta data on a container
      --label-file list                Read in a line delimited file of labels
      --link list                      Add link to another container
      --link-local-ip list             Container IPv4/IPv6 link-local addresses
      --log-driver string              Logging driver for the container
      --log-opt list                   Log driver options
      --mac-address string             Container MAC address (e.g., 92:d0:c6:0a:29:33)
  -m, --memory bytes                   Memory limit
      --memory-reservation bytes       Memory soft limit
      --memory-swap bytes              Swap limit equal to memory plus swap: '-1' to enable unlimited swap
      --memory-swappiness int          Tune container memory swappiness (0 to 100) (default -1)
      --mount mount                    Attach a filesystem mount to the container
      --name string                    Assign a name to the container
      --network network                Connect a container to a network
      --network-alias list             Add network-scoped alias for the container
      --no-healthcheck                 Disable any container-specified HEALTHCHECK
      --oom-kill-disable               Disable OOM Killer
      --oom-score-adj int              Tune host's OOM preferences (-1000 to 1000)
      --pid string                     PID namespace to use
      --pids-limit int                 Tune container pids limit (set -1 for unlimited)
      --privileged                     Give extended privileges to this container
  -p, --publish list                   Publish a container's port(s) to the host
  -P, --publish-all                    Publish all exposed ports to random ports
      --read-only                      Mount the container's root filesystem as read only
      --restart string                 Restart policy to apply when a container exits (default "no")
      --rm                             Automatically remove the container when it exits
      --runtime string                 Runtime to use for this container
      --security-opt list              Security Options
      --shm-size bytes                 Size of /dev/shm
      --sig-proxy                      Proxy received signals to the process (default true)
      --stop-signal string             Signal to stop a container (default "SIGTERM")
      --stop-timeout int               Timeout (in seconds) to stop a container
      --storage-opt list               Storage driver options for the container
      --sysctl map                     Sysctl options (default map[])
      --tmpfs list                     Mount a tmpfs directory
  -t, --tty                            Allocate a pseudo-TTY
      --ulimit ulimit                  Ulimit options (default [])
  -u, --user string                    Username or UID (format: <name|uid>[:<group|gid>])
      --userns string                  User namespace to use
      --uts string                     UTS namespace to use
  -v, --volume list                    Bind mount a volume
      --volume-driver string           Optional volume driver for the container
      --volumes-from list              Mount volumes from the specified container(s)
  -w, --workdir string                 Working directory inside the container
[root@ip-172-31-5-238 ec2-user]# docker run -it --name test-jenkins -p 8080:8080 jenkins
Unable to find image 'jenkins:latest' locally
latest: Pulling from library/jenkins
55cbf04beb70: Pull complete
1607093a898c: Pull complete
9a8ea045c926: Pull complete
d4eee24d4dac: Pull complete
c58988e753d7: Pull complete
794a04897db9: Pull complete
70fcfa476f73: Pull complete
0539c80a02be: Pull complete
54fefc6dcf80: Pull complete
911bc90e47a8: Pull complete
38430d93efed: Pull complete
7e46ccda148a: Pull complete
c0cbcb5ac747: Pull complete
35ade7a86a8e: Pull complete
aa433a6a56b1: Pull complete
841c1dd38d62: Pull complete
b865dcb08714: Pull complete
5a3779030005: Pull complete
12b47c68955c: Pull complete
1322ea3e7bfd: Pull complete
Digest: sha256:eeb4850eb65f2d92500e421b430ed1ec58a7ac909e91f518926e02473904f668
Status: Downloaded newer image for jenkins:latest
Running from: /usr/share/jenkins/jenkins.war
webroot: EnvVars.masterEnvVars.get("JENKINS_HOME")
Oct 13, 2020 11:36:09 AM Main deleteWinstoneTempContents
WARNING: Failed to delete the temporary Winstone file /tmp/winstone/jenkins.war
Oct 13, 2020 11:36:09 AM org.eclipse.jetty.util.log.JavaUtilLog info
INFO: Logging initialized @687ms
Oct 13, 2020 11:36:09 AM winstone.Logger logInternal
INFO: Beginning extraction from war file
Oct 13, 2020 11:36:10 AM org.eclipse.jetty.util.log.JavaUtilLog warn
WARNING: Empty contextPath
Oct 13, 2020 11:36:10 AM org.eclipse.jetty.util.log.JavaUtilLog info
INFO: jetty-9.2.z-SNAPSHOT
Oct 13, 2020 11:36:11 AM org.eclipse.jetty.util.log.JavaUtilLog info
INFO: NO JSP Support for /, did not find org.eclipse.jetty.jsp.JettyJspServlet
Jenkins home directory: /var/jenkins_home found at: EnvVars.masterEnvVars.get("JENKINS_HOME")
Oct 13, 2020 11:36:12 AM org.eclipse.jetty.util.log.JavaUtilLog info
INFO: Started w.@47404bea{/,file:/var/jenkins_home/war/,AVAILABLE}{/var/jenkins_home/war}
Oct 13, 2020 11:36:12 AM org.eclipse.jetty.util.log.JavaUtilLog info
INFO: Started ServerConnector@1c80e49b{HTTP/1.1}{0.0.0.0:8080}
Oct 13, 2020 11:36:12 AM org.eclipse.jetty.util.log.JavaUtilLog info
INFO: Started @4280ms
Oct 13, 2020 11:36:12 AM winstone.Logger logInternal
INFO: Winstone Servlet Engine v2.0 running: controlPort=disabled
Oct 13, 2020 11:36:13 AM jenkins.InitReactorRunner$1 onAttained
INFO: Started initialization
Oct 13, 2020 11:36:13 AM jenkins.InitReactorRunner$1 onAttained
INFO: Listed all plugins
Oct 13, 2020 11:36:15 AM jenkins.InitReactorRunner$1 onAttained
INFO: Prepared all plugins
Oct 13, 2020 11:36:15 AM jenkins.InitReactorRunner$1 onAttained
INFO: Started all plugins
Oct 13, 2020 11:36:15 AM jenkins.InitReactorRunner$1 onAttained
INFO: Augmented all extensions
Oct 13, 2020 11:36:15 AM jenkins.InitReactorRunner$1 onAttained
INFO: Loaded all jobs
Oct 13, 2020 11:36:17 AM hudson.model.AsyncPeriodicWork$1 run
INFO: Started Download metadata
Oct 13, 2020 11:36:18 AM jenkins.util.groovy.GroovyHookScript execute
INFO: Executing /var/jenkins_home/init.groovy.d/tcp-slave-agent-port.groovy
Oct 13, 2020 11:36:18 AM jenkins.InitReactorRunner$1 onAttained
INFO: Completed initialization
Oct 13, 2020 11:36:19 AM org.springframework.context.support.AbstractApplicationContext prepareRefresh
INFO: Refreshing org.springframework.web.context.support.StaticWebApplicationContext@67eb439b: display name [Root WebApplicationContext]; startup date [Tue Oct 13 11:36:19 UTC 2020]; root of context hierarchy
Oct 13, 2020 11:36:19 AM org.springframework.context.support.AbstractApplicationContext obtainFreshBeanFactory
INFO: Bean factory for application context [org.springframework.web.context.support.StaticWebApplicationContext@67eb439b]: org.springframework.beans.factory.support.DefaultListableBeanFactory@7a21098
Oct 13, 2020 11:36:19 AM org.springframework.beans.factory.support.DefaultListableBeanFactory preInstantiateSingletons
INFO: Pre-instantiating singletons in org.springframework.beans.factory.support.DefaultListableBeanFactory@7a21098: defining beans [authenticationManager]; root of factory hierarchy
Oct 13, 2020 11:36:19 AM org.springframework.context.support.AbstractApplicationContext prepareRefresh
INFO: Refreshing org.springframework.web.context.support.StaticWebApplicationContext@2247c82d: display name [Root WebApplicationContext]; startup date [Tue Oct 13 11:36:19 UTC 2020]; root of context hierarchy
Oct 13, 2020 11:36:19 AM org.springframework.context.support.AbstractApplicationContext obtainFreshBeanFactory
INFO: Bean factory for application context [org.springframework.web.context.support.StaticWebApplicationContext@2247c82d]: org.springframework.beans.factory.support.DefaultListableBeanFactory@190b8a9
Oct 13, 2020 11:36:19 AM org.springframework.beans.factory.support.DefaultListableBeanFactory preInstantiateSingletons
INFO: Pre-instantiating singletons in org.springframework.beans.factory.support.DefaultListableBeanFactory@190b8a9: defining beans [filter,legacy]; root of factory hierarchy
Oct 13, 2020 11:36:20 AM jenkins.install.SetupWizard init
INFO:

*************************************************************
*************************************************************
*************************************************************

Jenkins initial setup is required. An admin user has been created and a password generated.
Please use the following password to proceed to installation:

9d33c5f9356d46868f8976ff11c46cf1

This may also be found at: /var/jenkins_home/secrets/initialAdminPassword

*************************************************************
*************************************************************
*************************************************************

--> setting agent port for jnlp
--> setting agent port for jnlp... done
Oct 13, 2020 11:36:30 AM hudson.model.UpdateSite updateData
INFO: Obtained the latest update center data file for UpdateSource default
Oct 13, 2020 11:36:30 AM hudson.model.DownloadService$Downloadable load
INFO: Obtained the updated data file for hudson.tasks.Maven.MavenInstaller
Oct 13, 2020 11:36:31 AM hudson.model.UpdateSite updateData
INFO: Obtained the latest update center data file for UpdateSource default
Oct 13, 2020 11:36:31 AM hudson.WebAppMain$3 run
INFO: Jenkins is fully up and running
Oct 13, 2020 11:36:32 AM hudson.model.DownloadService$Downloadable load
INFO: Obtained the updated data file for hudson.tools.JDKInstaller
Oct 13, 2020 11:36:32 AM hudson.model.AsyncPeriodicWork$1 run
INFO: Finished Download metadata. 14,659 ms
Oct 13, 2020 11:40:30 AM hudson.model.UpdateSite$Plugin deploy
INFO: Adding dependent install of token-macro for plugin build-timeout
Oct 13, 2020 11:40:30 AM hudson.model.UpdateCenter$DownloadJob run
INFO: Starting the installation of Folders on behalf of admin
Oct 13, 2020 11:40:30 AM hudson.model.UpdateSite$Plugin deploy
INFO: Adding dependent install of structs for plugin token-macro
Oct 13, 2020 11:40:30 AM hudson.model.UpdateSite$Plugin deploy
INFO: Adding dependent install of workflow-step-api for plugin token-macro
Oct 13, 2020 11:40:30 AM hudson.model.UpdateSite$Plugin deploy
INFO: Dependent install of structs for plugin workflow-step-api already added, skipping
Oct 13, 2020 11:40:30 AM hudson.model.UpdateSite$Plugin deploy
INFO: Adding dependent install of bouncycastle-api for plugin build-timeout
Oct 13, 2020 11:40:30 AM hudson.model.UpdateSite$Plugin deploy
INFO: Adding dependent install of credentials for plugin credentials-binding
Oct 13, 2020 11:40:30 AM hudson.model.UpdateSite$Plugin deploy
INFO: Dependent install of structs for plugin credentials already added, skipping
Oct 13, 2020 11:40:30 AM hudson.model.UpdateSite$Plugin deploy
INFO: Dependent install of structs for plugin credentials-binding already added, skipping
Oct 13, 2020 11:40:30 AM hudson.model.UpdateSite$Plugin deploy
INFO: Adding dependent install of ssh-credentials for plugin credentials-binding
Oct 13, 2020 11:40:30 AM hudson.model.UpdateSite$Plugin deploy
INFO: Dependent install of credentials for plugin ssh-credentials already added, skipping
Oct 13, 2020 11:40:30 AM hudson.model.UpdateSite$Plugin deploy
INFO: Dependent install of workflow-step-api for plugin credentials-binding already added, skipping
Oct 13, 2020 11:40:30 AM hudson.model.UpdateSite$Plugin deploy
INFO: Adding dependent install of plain-credentials for plugin credentials-binding
Oct 13, 2020 11:40:30 AM hudson.model.UpdateSite$Plugin deploy
INFO: Dependent install of credentials for plugin plain-credentials already added, skipping
Oct 13, 2020 11:40:30 AM hudson.model.UpdateSite$Plugin deploy
INFO: Dependent install of workflow-step-api for plugin timestamper already added, skipping
Oct 13, 2020 11:40:30 AM hudson.model.UpdateSite$Plugin deploy
INFO: Adding dependent install of workflow-api for plugin timestamper
Oct 13, 2020 11:40:30 AM hudson.model.UpdateSite$Plugin deploy
INFO: Dependent install of structs for plugin workflow-api already added, skipping
Oct 13, 2020 11:40:30 AM hudson.model.UpdateSite$Plugin deploy
INFO: Adding dependent install of scm-api for plugin workflow-api
Oct 13, 2020 11:40:30 AM hudson.model.UpdateSite$Plugin deploy
INFO: Dependent install of structs for plugin scm-api already added, skipping
Oct 13, 2020 11:40:30 AM hudson.model.UpdateSite$Plugin deploy
INFO: Dependent install of workflow-step-api for plugin workflow-api already added, skipping
Oct 13, 2020 11:40:30 AM hudson.model.UpdateSite$Plugin deploy
INFO: Adding dependent install of workflow-durable-task-step for plugin ws-cleanup
Oct 13, 2020 11:40:30 AM hudson.model.UpdateSite$Plugin deploy
INFO: Dependent install of structs for plugin workflow-durable-task-step already added, skipping
Oct 13, 2020 11:40:30 AM hudson.model.UpdateSite$Plugin deploy
INFO: Dependent install of scm-api for plugin workflow-durable-task-step already added, skipping
Oct 13, 2020 11:40:30 AM hudson.model.UpdateSite$Plugin deploy
INFO: Adding dependent install of script-security for plugin workflow-durable-task-step
Oct 13, 2020 11:40:30 AM hudson.model.UpdateSite$Plugin deploy
INFO: Adding dependent install of workflow-support for plugin workflow-durable-task-step
Oct 13, 2020 11:40:30 AM hudson.model.UpdateSite$Plugin deploy
INFO: Dependent install of scm-api for plugin workflow-support already added, skipping
Oct 13, 2020 11:40:30 AM hudson.model.UpdateSite$Plugin deploy
INFO: Dependent install of script-security for plugin workflow-support already added, skipping
Oct 13, 2020 11:40:30 AM hudson.model.UpdateSite$Plugin deploy
INFO: Dependent install of workflow-step-api for plugin workflow-support already added, skipping
Oct 13, 2020 11:40:30 AM hudson.model.UpdateSite$Plugin deploy
INFO: Dependent install of workflow-api for plugin workflow-support already added, skipping
Oct 13, 2020 11:40:30 AM hudson.model.UpdateSite$Plugin deploy
INFO: Dependent install of workflow-step-api for plugin workflow-durable-task-step already added, skipping
Oct 13, 2020 11:40:30 AM hudson.model.UpdateSite$Plugin deploy
INFO: Dependent install of workflow-api for plugin workflow-durable-task-step already added, skipping
Oct 13, 2020 11:40:30 AM hudson.model.UpdateSite$Plugin deploy
INFO: Adding dependent install of durable-task for plugin workflow-durable-task-step
Oct 13, 2020 11:40:30 AM hudson.model.UpdateSite$Plugin deploy
INFO: Dependent install of structs for plugin ws-cleanup already added, skipping
Oct 13, 2020 11:40:30 AM hudson.model.UpdateSite$Plugin deploy
INFO: Dependent install of script-security for plugin ws-cleanup already added, skipping
Oct 13, 2020 11:40:30 AM hudson.model.UpdateSite$Plugin deploy
INFO: Adding dependent install of matrix-project for plugin ws-cleanup
Oct 13, 2020 11:40:30 AM hudson.model.UpdateSite$Plugin deploy
INFO: Adding dependent install of junit for plugin matrix-project
Oct 13, 2020 11:40:30 AM hudson.model.UpdateSite$Plugin deploy
INFO: Dependent install of structs for plugin junit already added, skipping
Oct 13, 2020 11:40:30 AM hudson.model.UpdateSite$Plugin deploy
INFO: Dependent install of script-security for plugin junit already added, skipping
Oct 13, 2020 11:40:30 AM hudson.model.UpdateSite$Plugin deploy
INFO: Dependent install of workflow-step-api for plugin junit already added, skipping
Oct 13, 2020 11:40:30 AM hudson.model.UpdateSite$Plugin deploy
INFO: Dependent install of workflow-api for plugin junit already added, skipping
Oct 13, 2020 11:40:30 AM hudson.model.UpdateSite$Plugin deploy
INFO: Dependent install of script-security for plugin matrix-project already added, skipping
Oct 13, 2020 11:40:30 AM hudson.model.UpdateSite$Plugin deploy
INFO: Adding dependent install of resource-disposer for plugin ws-cleanup
Oct 13, 2020 11:40:30 AM hudson.model.UpdateSite$Plugin deploy
INFO: Dependent install of structs for plugin ant already added, skipping
Oct 13, 2020 11:40:30 AM hudson.model.UpdateSite$Plugin deploy
INFO: Dependent install of workflow-durable-task-step for plugin gradle already added, skipping
Oct 13, 2020 11:40:30 AM hudson.model.UpdateSite$Plugin deploy
INFO: Dependent install of structs for plugin gradle already added, skipping
Oct 13, 2020 11:40:30 AM hudson.model.UpdateSite$Plugin deploy
INFO: Adding dependent install of workflow-cps for plugin gradle
Oct 13, 2020 11:40:30 AM hudson.model.UpdateSite$Plugin deploy
INFO: Adding dependent install of ace-editor for plugin workflow-cps
Oct 13, 2020 11:40:30 AM hudson.model.UpdateSite$Plugin deploy
INFO: Dependent install of bouncycastle-api for plugin ace-editor already added, skipping
Oct 13, 2020 11:40:30 AM hudson.model.UpdateSite$Plugin deploy
INFO: Adding dependent install of jquery-detached for plugin workflow-cps
Oct 13, 2020 11:40:30 AM hudson.model.UpdateSite$Plugin deploy
INFO: Dependent install of bouncycastle-api for plugin jquery-detached already added, skipping
Oct 13, 2020 11:40:30 AM hudson.model.UpdateSite$Plugin deploy
INFO: Adding dependent install of workflow-scm-step for plugin workflow-cps
Oct 13, 2020 11:40:30 AM hudson.model.UpdateSite$Plugin deploy
INFO: Dependent install of workflow-step-api for plugin workflow-scm-step already added, skipping
Oct 13, 2020 11:40:30 AM hudson.model.UpdateSite$Plugin deploy
INFO: Dependent install of structs for plugin workflow-cps already added, skipping
Oct 13, 2020 11:40:30 AM hudson.model.UpdateSite$Plugin deploy
INFO: Dependent install of scm-api for plugin workflow-cps already added, skipping
Oct 13, 2020 11:40:30 AM hudson.model.UpdateSite$Plugin deploy
INFO: Dependent install of script-security for plugin workflow-cps already added, skipping
Oct 13, 2020 11:40:30 AM hudson.model.UpdateSite$Plugin deploy
INFO: Dependent install of workflow-support for plugin workflow-cps already added, skipping
Oct 13, 2020 11:40:30 AM hudson.model.UpdateSite$Plugin deploy
INFO: Dependent install of workflow-step-api for plugin workflow-cps already added, skipping
Oct 13, 2020 11:40:30 AM hudson.model.UpdateSite$Plugin deploy
INFO: Dependent install of workflow-api for plugin workflow-cps already added, skipping
Oct 13, 2020 11:40:30 AM hudson.model.UpdateSite$Plugin deploy
INFO: Dependent install of workflow-step-api for plugin gradle already added, skipping
Oct 13, 2020 11:40:30 AM hudson.model.UpdateSite$Plugin deploy
INFO: Dependent install of workflow-api for plugin gradle already added, skipping
Oct 13, 2020 11:40:30 AM hudson.model.UpdateSite$Plugin deploy
INFO: Adding dependent install of workflow-job for plugin gradle
Oct 13, 2020 11:40:30 AM hudson.model.UpdateSite$Plugin deploy
INFO: Dependent install of workflow-support for plugin workflow-job already added, skipping
Oct 13, 2020 11:40:30 AM hudson.model.UpdateSite$Plugin deploy
INFO: Dependent install of workflow-step-api for plugin workflow-job already added, skipping
Oct 13, 2020 11:40:30 AM hudson.model.UpdateSite$Plugin deploy
INFO: Dependent install of workflow-api for plugin workflow-job already added, skipping
Oct 13, 2020 11:40:30 AM hudson.model.UpdateSite$Plugin deploy
INFO: Adding dependent install of workflow-basic-steps for plugin gradle
Oct 13, 2020 11:40:30 AM hudson.model.UpdateSite$Plugin deploy
INFO: Dependent install of workflow-durable-task-step for plugin workflow-basic-steps already added, skipping
Oct 13, 2020 11:40:30 AM hudson.model.UpdateSite$Plugin deploy
INFO: Adding dependent install of apache-httpcomponents-client-4-api for plugin workflow-basic-steps
Oct 13, 2020 11:40:30 AM hudson.model.UpdateSite$Plugin deploy
INFO: Dependent install of structs for plugin workflow-basic-steps already added, skipping
Oct 13, 2020 11:40:30 AM hudson.model.UpdateSite$Plugin deploy
INFO: Dependent install of workflow-step-api for plugin workflow-basic-steps already added, skipping
Oct 13, 2020 11:40:30 AM hudson.model.UpdateSite$Plugin deploy
INFO: Adding dependent install of mailer for plugin workflow-basic-steps
Oct 13, 2020 11:40:30 AM hudson.model.UpdateSite$Plugin deploy
INFO: Adding dependent install of display-url-api for plugin mailer
Oct 13, 2020 11:40:30 AM hudson.model.UpdateSite$Plugin deploy
INFO: Dependent install of workflow-api for plugin workflow-basic-steps already added, skipping
Oct 13, 2020 11:40:30 AM hudson.model.UpdateSite$Plugin deploy
INFO: Adding dependent install of pipeline-milestone-step for plugin workflow-aggregator
Oct 13, 2020 11:40:30 AM hudson.model.UpdateSite$Plugin deploy
INFO: Dependent install of workflow-step-api for plugin pipeline-milestone-step already added, skipping
Oct 13, 2020 11:40:30 AM hudson.model.UpdateSite$Plugin deploy
INFO: Dependent install of workflow-api for plugin pipeline-milestone-step already added, skipping
Oct 13, 2020 11:40:30 AM hudson.model.UpdateSite$Plugin deploy
INFO: Dependent install of bouncycastle-api for plugin pipeline-milestone-step already added, skipping
Oct 13, 2020 11:40:30 AM hudson.model.UpdateSite$Plugin deploy
INFO: Adding dependent install of pipeline-stage-view for plugin workflow-aggregator
Oct 13, 2020 11:40:30 AM hudson.model.UpdateSite$Plugin deploy
INFO: Dependent install of jquery-detached for plugin pipeline-stage-view already added, skipping
Oct 13, 2020 11:40:30 AM hudson.model.UpdateSite$Plugin deploy
INFO: Adding dependent install of pipeline-rest-api for plugin pipeline-stage-view
Oct 13, 2020 11:40:30 AM hudson.model.UpdateSite$Plugin deploy
INFO: Adding dependent install of jackson2-api for plugin pipeline-rest-api
Oct 13, 2020 11:40:30 AM hudson.model.UpdateSite$Plugin deploy
INFO: Adding dependent install of snakeyaml-api for plugin jackson2-api
Oct 13, 2020 11:40:30 AM hudson.model.UpdateSite$Plugin deploy
INFO: Adding dependent install of pipeline-graph-analysis for plugin pipeline-rest-api
Oct 13, 2020 11:40:30 AM hudson.model.UpdateSite$Plugin deploy
INFO: Dependent install of structs for plugin pipeline-graph-analysis already added, skipping
Oct 13, 2020 11:40:30 AM hudson.model.UpdateSite$Plugin deploy
INFO: Dependent install of scm-api for plugin pipeline-graph-analysis already added, skipping
Oct 13, 2020 11:40:30 AM hudson.model.UpdateSite$Plugin deploy
INFO: Dependent install of workflow-cps for plugin pipeline-graph-analysis already added, skipping
Oct 13, 2020 11:40:30 AM hudson.model.UpdateSite$Plugin deploy
INFO: Adding dependent install of pipeline-input-step for plugin pipeline-graph-analysis
Oct 13, 2020 11:40:30 AM hudson.model.UpdateSite$Plugin deploy
INFO: Dependent install of credentials for plugin pipeline-input-step already added, skipping
Oct 13, 2020 11:40:30 AM hudson.model.UpdateSite$Plugin deploy
INFO: Dependent install of workflow-support for plugin pipeline-input-step already added, skipping
Oct 13, 2020 11:40:30 AM hudson.model.UpdateSite$Plugin deploy
INFO: Dependent install of workflow-step-api for plugin pipeline-input-step already added, skipping
Oct 13, 2020 11:40:30 AM hudson.model.UpdateSite$Plugin deploy
INFO: Dependent install of workflow-api for plugin pipeline-input-step already added, skipping
Oct 13, 2020 11:40:30 AM hudson.model.UpdateSite$Plugin deploy
INFO: Dependent install of workflow-support for plugin pipeline-graph-analysis already added, skipping
Oct 13, 2020 11:40:30 AM hudson.model.UpdateSite$Plugin deploy
INFO: Dependent install of workflow-step-api for plugin pipeline-graph-analysis already added, skipping
Oct 13, 2020 11:40:30 AM hudson.model.UpdateSite$Plugin deploy
INFO: Adding dependent install of pipeline-stage-step for plugin pipeline-graph-analysis
Oct 13, 2020 11:40:30 AM hudson.model.UpdateSite$Plugin deploy
INFO: Dependent install of structs for plugin pipeline-stage-step already added, skipping
Oct 13, 2020 11:40:30 AM hudson.model.UpdateSite$Plugin deploy
INFO: Dependent install of scm-api for plugin pipeline-stage-step already added, skipping
Oct 13, 2020 11:40:30 AM hudson.model.UpdateSite$Plugin deploy
INFO: Dependent install of workflow-step-api for plugin pipeline-stage-step already added, skipping
Oct 13, 2020 11:40:30 AM hudson.model.UpdateSite$Plugin deploy
INFO: Dependent install of workflow-api for plugin pipeline-stage-step already added, skipping
Oct 13, 2020 11:40:30 AM hudson.model.UpdateSite$Plugin deploy
INFO: Dependent install of workflow-api for plugin pipeline-graph-analysis already added, skipping
Oct 13, 2020 11:40:30 AM hudson.model.UpdateSite$Plugin deploy
INFO: Dependent install of workflow-job for plugin pipeline-graph-analysis already added, skipping
Oct 13, 2020 11:40:30 AM hudson.model.UpdateSite$Plugin deploy
INFO: Dependent install of pipeline-input-step for plugin pipeline-rest-api already added, skipping
Oct 13, 2020 11:40:30 AM hudson.model.UpdateSite$Plugin deploy
INFO: Dependent install of workflow-support for plugin pipeline-rest-api already added, skipping
Oct 13, 2020 11:40:30 AM hudson.model.UpdateSite$Plugin deploy
INFO: Dependent install of workflow-step-api for plugin pipeline-rest-api already added, skipping
Oct 13, 2020 11:40:30 AM hudson.model.UpdateSite$Plugin deploy
INFO: Dependent install of pipeline-stage-step for plugin pipeline-rest-api already added, skipping
Oct 13, 2020 11:40:30 AM hudson.model.UpdateSite$Plugin deploy
INFO: Dependent install of workflow-api for plugin pipeline-rest-api already added, skipping
Oct 13, 2020 11:40:30 AM hudson.model.UpdateSite$Plugin deploy
INFO: Dependent install of workflow-job for plugin pipeline-rest-api already added, skipping
Oct 13, 2020 11:40:30 AM hudson.model.UpdateSite$Plugin deploy
INFO: Adding dependent install of handlebars for plugin pipeline-stage-view
Oct 13, 2020 11:40:30 AM hudson.model.UpdateSite$Plugin deploy
INFO: Dependent install of bouncycastle-api for plugin handlebars already added, skipping
Oct 13, 2020 11:40:30 AM hudson.model.UpdateSite$Plugin deploy
INFO: Dependent install of workflow-api for plugin pipeline-stage-view already added, skipping
Oct 13, 2020 11:40:30 AM hudson.model.UpdateSite$Plugin deploy
INFO: Dependent install of workflow-job for plugin pipeline-stage-view already added, skipping
Oct 13, 2020 11:40:30 AM hudson.model.UpdateSite$Plugin deploy
INFO: Adding dependent install of momentjs for plugin pipeline-stage-view
Oct 13, 2020 11:40:30 AM hudson.model.UpdateSite$Plugin deploy
INFO: Dependent install of bouncycastle-api for plugin momentjs already added, skipping
Oct 13, 2020 11:40:30 AM hudson.model.UpdateSite$Plugin deploy
INFO: Adding dependent install of pipeline-build-step for plugin workflow-aggregator
Oct 13, 2020 11:40:30 AM hudson.model.UpdateSite$Plugin deploy
INFO: Dependent install of script-security for plugin pipeline-build-step already added, skipping
Oct 13, 2020 11:40:30 AM hudson.model.UpdateSite$Plugin deploy
INFO: Dependent install of workflow-support for plugin pipeline-build-step already added, skipping
Oct 13, 2020 11:40:30 AM hudson.model.UpdateSite$Plugin deploy
INFO: Dependent install of workflow-step-api for plugin pipeline-build-step already added, skipping
Oct 13, 2020 11:40:30 AM hudson.model.UpdateSite$Plugin deploy
INFO: Dependent install of workflow-api for plugin pipeline-build-step already added, skipping
Oct 13, 2020 11:40:30 AM hudson.model.UpdateSite$Plugin deploy
INFO: Dependent install of credentials for plugin workflow-aggregator already added, skipping
Oct 13, 2020 11:40:30 AM hudson.model.UpdateSite$Plugin deploy
INFO: Dependent install of structs for plugin workflow-aggregator already added, skipping
Oct 13, 2020 11:40:30 AM hudson.model.UpdateSite$Plugin deploy
INFO: Adding dependent install of pipeline-model-definition for plugin workflow-aggregator
Oct 13, 2020 11:40:30 AM hudson.model.UpdateSite$Plugin deploy
INFO: Dependent install of credentials-binding for plugin pipeline-model-definition already added, skipping
Oct 13, 2020 11:40:30 AM hudson.model.UpdateSite$Plugin deploy
INFO: Adding dependent install of pipeline-model-extensions for plugin pipeline-model-definition
Oct 13, 2020 11:40:30 AM hudson.model.UpdateSite$Plugin deploy
INFO: Dependent install of credentials-binding for plugin pipeline-model-extensions already added, skipping
Oct 13, 2020 11:40:30 AM hudson.model.UpdateSite$Plugin deploy
INFO: Dependent install of credentials for plugin pipeline-model-extensions already added, skipping
Oct 13, 2020 11:40:30 AM hudson.model.UpdateSite$Plugin deploy
INFO: Adding dependent install of pipeline-model-api for plugin pipeline-model-extensions
Oct 13, 2020 11:40:30 AM hudson.model.UpdateSite$Plugin deploy
INFO: Dependent install of jackson2-api for plugin pipeline-model-api already added, skipping
Oct 13, 2020 11:40:30 AM hudson.model.UpdateSite$Plugin deploy
INFO: Dependent install of structs for plugin pipeline-model-api already added, skipping
Oct 13, 2020 11:40:30 AM hudson.model.UpdateSite$Plugin deploy
INFO: Dependent install of workflow-step-api for plugin pipeline-model-api already added, skipping
Oct 13, 2020 11:40:30 AM hudson.model.UpdateSite$Plugin deploy
INFO: Dependent install of workflow-cps for plugin pipeline-model-extensions already added, skipping
Oct 13, 2020 11:40:30 AM hudson.model.UpdateSite$Plugin deploy
INFO: Dependent install of pipeline-stage-step for plugin pipeline-model-extensions already added, skipping
Oct 13, 2020 11:40:30 AM hudson.model.UpdateSite$Plugin deploy
INFO: Dependent install of workflow-job for plugin pipeline-model-extensions already added, skipping
Oct 13, 2020 11:40:30 AM hudson.model.UpdateSite$Plugin deploy
INFO: Dependent install of credentials for plugin pipeline-model-definition already added, skipping
Oct 13, 2020 11:40:30 AM hudson.model.UpdateSite$Plugin deploy
INFO: Adding dependent install of workflow-cps-global-lib for plugin pipeline-model-definition
Oct 13, 2020 11:40:30 AM hudson.model.UpdateSite$Plugin deploy
INFO: Dependent install of workflow-scm-step for plugin workflow-cps-global-lib already added, skipping
Oct 13, 2020 11:40:30 AM hudson.model.UpdateSite$Plugin deploy
INFO: Dependent install of credentials for plugin workflow-cps-global-lib already added, skipping
Oct 13, 2020 11:40:30 AM hudson.model.UpdateSite$Plugin deploy
INFO: Dependent install of structs for plugin workflow-cps-global-lib already added, skipping
Oct 13, 2020 11:40:30 AM hudson.model.UpdateSite$Plugin deploy
INFO: Dependent install of cloudbees-folder for plugin workflow-cps-global-lib already added, skipping
Oct 13, 2020 11:40:30 AM hudson.model.UpdateSite$Plugin deploy
INFO: Dependent install of scm-api for plugin workflow-cps-global-lib already added, skipping
Oct 13, 2020 11:40:30 AM hudson.model.UpdateSite$Plugin deploy
INFO: Dependent install of script-security for plugin workflow-cps-global-lib already added, skipping
Oct 13, 2020 11:40:30 AM hudson.model.UpdateSite$Plugin deploy
INFO: Dependent install of workflow-cps for plugin workflow-cps-global-lib already added, skipping
Oct 13, 2020 11:40:30 AM hudson.model.UpdateSite$Plugin deploy
INFO: Dependent install of workflow-support for plugin workflow-cps-global-lib already added, skipping
Oct 13, 2020 11:40:30 AM hudson.model.UpdateSite$Plugin deploy
INFO: Dependent install of workflow-step-api for plugin workflow-cps-global-lib already added, skipping
Oct 13, 2020 11:40:30 AM hudson.model.UpdateSite$Plugin deploy
INFO: Dependent install of workflow-api for plugin workflow-cps-global-lib already added, skipping
Oct 13, 2020 11:40:30 AM hudson.model.UpdateSite$Plugin deploy
INFO: Adding dependent install of git-server for plugin workflow-cps-global-lib
Oct 13, 2020 11:40:30 AM hudson.model.UpdateSite$Plugin deploy
INFO: Adding dependent install of git-client for plugin git-server
Oct 13, 2020 11:40:30 AM hudson.model.UpdateSite$Plugin deploy
INFO: Dependent install of apache-httpcomponents-client-4-api for plugin git-client already added, skipping
Oct 13, 2020 11:40:30 AM hudson.model.UpdateSite$Plugin deploy
INFO: Dependent install of credentials for plugin git-client already added, skipping
Oct 13, 2020 11:40:30 AM hudson.model.UpdateSite$Plugin deploy
INFO: Dependent install of structs for plugin git-client already added, skipping
Oct 13, 2020 11:40:30 AM hudson.model.UpdateSite$Plugin deploy
INFO: Dependent install of ssh-credentials for plugin git-client already added, skipping
Oct 13, 2020 11:40:30 AM hudson.model.UpdateSite$Plugin deploy
INFO: Dependent install of script-security for plugin git-client already added, skipping
Oct 13, 2020 11:40:30 AM hudson.model.UpdateSite$Plugin deploy
INFO: Adding dependent install of jsch for plugin git-client
Oct 13, 2020 11:40:30 AM hudson.model.UpdateSite$Plugin deploy
INFO: Dependent install of ssh-credentials for plugin jsch already added, skipping
Oct 13, 2020 11:40:30 AM hudson.model.UpdateSite$Plugin deploy
INFO: Dependent install of workflow-cps for plugin pipeline-model-definition already added, skipping
Oct 13, 2020 11:40:30 AM hudson.model.UpdateSite$Plugin deploy
INFO: Dependent install of workflow-support for plugin pipeline-model-definition already added, skipping
Oct 13, 2020 11:40:30 AM hudson.model.UpdateSite$Plugin deploy
INFO: Dependent install of mailer for plugin pipeline-model-definition already added, skipping
Oct 13, 2020 11:40:30 AM hudson.model.UpdateSite$Plugin deploy
INFO: Adding dependent install of workflow-multibranch for plugin pipeline-model-definition
Oct 13, 2020 11:40:30 AM hudson.model.UpdateSite$Plugin deploy
INFO: Dependent install of workflow-scm-step for plugin workflow-multibranch already added, skipping
Oct 13, 2020 11:40:30 AM hudson.model.UpdateSite$Plugin deploy
INFO: Dependent install of structs for plugin workflow-multibranch already added, skipping
Oct 13, 2020 11:40:30 AM hudson.model.UpdateSite$Plugin deploy
INFO: Dependent install of cloudbees-folder for plugin workflow-multibranch already added, skipping
Oct 13, 2020 11:40:30 AM hudson.model.UpdateSite$Plugin deploy
INFO: Dependent install of scm-api for plugin workflow-multibranch already added, skipping
Oct 13, 2020 11:40:30 AM hudson.model.UpdateSite$Plugin deploy
INFO: Dependent install of script-security for plugin workflow-multibranch already added, skipping
Oct 13, 2020 11:40:30 AM hudson.model.UpdateSite$Plugin deploy
INFO: Dependent install of workflow-cps for plugin workflow-multibranch already added, skipping
Oct 13, 2020 11:40:30 AM hudson.model.UpdateSite$Plugin deploy
INFO: Dependent install of workflow-support for plugin workflow-multibranch already added, skipping
Oct 13, 2020 11:40:30 AM hudson.model.UpdateSite$Plugin deploy
INFO: Adding dependent install of branch-api for plugin workflow-multibranch
Oct 13, 2020 11:40:30 AM hudson.model.UpdateSite$Plugin deploy
INFO: Dependent install of structs for plugin branch-api already added, skipping
Oct 13, 2020 11:40:30 AM hudson.model.UpdateSite$Plugin deploy
INFO: Dependent install of cloudbees-folder for plugin branch-api already added, skipping
Oct 13, 2020 11:40:30 AM hudson.model.UpdateSite$Plugin deploy
INFO: Dependent install of scm-api for plugin branch-api already added, skipping
Oct 13, 2020 11:40:30 AM hudson.model.UpdateSite$Plugin deploy
INFO: Dependent install of workflow-step-api for plugin workflow-multibranch already added, skipping
Oct 13, 2020 11:40:30 AM hudson.model.UpdateSite$Plugin deploy
INFO: Dependent install of workflow-api for plugin workflow-multibranch already added, skipping
Oct 13, 2020 11:40:30 AM hudson.model.UpdateSite$Plugin deploy
INFO: Dependent install of workflow-job for plugin workflow-multibranch already added, skipping
Oct 13, 2020 11:40:30 AM hudson.model.UpdateSite$Plugin deploy
INFO: Adding dependent install of docker-workflow for plugin pipeline-model-definition
Oct 13, 2020 11:40:30 AM hudson.model.UpdateSite$Plugin deploy
INFO: Adding dependent install of docker-commons for plugin docker-workflow
Oct 13, 2020 11:40:30 AM hudson.model.UpdateSite$Plugin deploy
INFO: Dependent install of credentials-binding for plugin docker-commons already added, skipping
Oct 13, 2020 11:40:30 AM hudson.model.UpdateSite$Plugin deploy
INFO: Adding dependent install of authentication-tokens for plugin docker-commons
Oct 13, 2020 11:40:30 AM hudson.model.UpdateSite$Plugin deploy
INFO: Dependent install of credentials for plugin authentication-tokens already added, skipping
Oct 13, 2020 11:40:30 AM hudson.model.UpdateSite$Plugin deploy
INFO: Dependent install of bouncycastle-api for plugin authentication-tokens already added, skipping
Oct 13, 2020 11:40:30 AM hudson.model.UpdateSite$Plugin deploy
INFO: Dependent install of credentials for plugin docker-commons already added, skipping
Oct 13, 2020 11:40:30 AM hudson.model.UpdateSite$Plugin deploy
INFO: Dependent install of pipeline-model-extensions for plugin docker-workflow already added, skipping
Oct 13, 2020 11:40:30 AM hudson.model.UpdateSite$Plugin deploy
INFO: Dependent install of workflow-durable-task-step for plugin docker-workflow already added, skipping
Oct 13, 2020 11:40:30 AM hudson.model.UpdateSite$Plugin deploy
INFO: Dependent install of cloudbees-folder for plugin docker-workflow already added, skipping
Oct 13, 2020 11:40:30 AM hudson.model.UpdateSite$Plugin deploy
INFO: Dependent install of workflow-cps for plugin docker-workflow already added, skipping
Oct 13, 2020 11:40:30 AM hudson.model.UpdateSite$Plugin deploy
INFO: Dependent install of workflow-step-api for plugin docker-workflow already added, skipping
Oct 13, 2020 11:40:30 AM hudson.model.UpdateSite$Plugin deploy
INFO: Dependent install of workflow-basic-steps for plugin docker-workflow already added, skipping
Oct 13, 2020 11:40:30 AM hudson.model.UpdateSite$Plugin deploy
INFO: Dependent install of workflow-scm-step for plugin pipeline-model-definition already added, skipping
Oct 13, 2020 11:40:30 AM hudson.model.UpdateSite$Plugin deploy
INFO: Dependent install of workflow-durable-task-step for plugin pipeline-model-definition already added, skipping
Oct 13, 2020 11:40:30 AM hudson.model.UpdateSite$Plugin deploy
INFO: Dependent install of pipeline-model-api for plugin pipeline-model-definition already added, skipping
Oct 13, 2020 11:40:30 AM hudson.model.UpdateSite$Plugin deploy
INFO: Adding dependent install of pipeline-stage-tags-metadata for plugin pipeline-model-definition
Oct 13, 2020 11:40:30 AM hudson.model.UpdateSite$Plugin deploy
INFO: Dependent install of workflow-api for plugin pipeline-stage-tags-metadata already added, skipping
Oct 13, 2020 11:40:30 AM hudson.model.UpdateSite$Plugin deploy
INFO: Dependent install of git-client for plugin pipeline-model-definition already added, skipping
Oct 13, 2020 11:40:30 AM hudson.model.UpdateSite$Plugin deploy
INFO: Dependent install of scm-api for plugin pipeline-model-definition already added, skipping
Oct 13, 2020 11:40:30 AM hudson.model.UpdateSite$Plugin deploy
INFO: Dependent install of pipeline-input-step for plugin pipeline-model-definition already added, skipping
Oct 13, 2020 11:40:30 AM hudson.model.UpdateSite$Plugin deploy
INFO: Adding dependent install of pipeline-model-declarative-agent for plugin pipeline-model-definition
Oct 13, 2020 11:40:30 AM hudson.model.UpdateSite$Plugin deploy
INFO: Dependent install of pipeline-model-extensions for plugin pipeline-model-declarative-agent already added, skipping
Oct 13, 2020 11:40:30 AM hudson.model.UpdateSite$Plugin deploy
INFO: Dependent install of bouncycastle-api for plugin pipeline-model-declarative-agent already added, skipping
Oct 13, 2020 11:40:30 AM hudson.model.UpdateSite$Plugin deploy
INFO: Dependent install of pipeline-stage-step for plugin pipeline-model-definition already added, skipping
Oct 13, 2020 11:40:30 AM hudson.model.UpdateSite$Plugin deploy
INFO: Dependent install of workflow-api for plugin pipeline-model-definition already added, skipping
Oct 13, 2020 11:40:30 AM hudson.model.UpdateSite$Plugin deploy
INFO: Dependent install of workflow-basic-steps for plugin pipeline-model-definition already added, skipping
Oct 13, 2020 11:40:30 AM hudson.model.UpdateSite$Plugin deploy
INFO: Dependent install of workflow-cps-global-lib for plugin workflow-aggregator already added, skipping
Oct 13, 2020 11:40:30 AM hudson.model.UpdateSite$Plugin deploy
INFO: Dependent install of workflow-cps for plugin workflow-aggregator already added, skipping
Oct 13, 2020 11:40:30 AM hudson.model.UpdateSite$Plugin deploy
INFO: Dependent install of workflow-support for plugin workflow-aggregator already added, skipping
Oct 13, 2020 11:40:30 AM hudson.model.UpdateSite$Plugin deploy
INFO: Dependent install of workflow-step-api for plugin workflow-aggregator already added, skipping
Oct 13, 2020 11:40:30 AM hudson.model.UpdateSite$Plugin deploy
INFO: Dependent install of workflow-multibranch for plugin workflow-aggregator already added, skipping
Oct 13, 2020 11:40:30 AM hudson.model.UpdateSite$Plugin deploy
INFO: Dependent install of jackson2-api for plugin workflow-aggregator already added, skipping
Oct 13, 2020 11:40:30 AM hudson.model.UpdateSite$Plugin deploy
INFO: Dependent install of workflow-scm-step for plugin workflow-aggregator already added, skipping
Oct 13, 2020 11:40:30 AM hudson.model.UpdateSite$Plugin deploy
INFO: Dependent install of workflow-durable-task-step for plugin workflow-aggregator already added, skipping
Oct 13, 2020 11:40:30 AM hudson.model.UpdateSite$Plugin deploy
INFO: Dependent install of git-client for plugin workflow-aggregator already added, skipping
Oct 13, 2020 11:40:30 AM hudson.model.UpdateSite$Plugin deploy
INFO: Dependent install of cloudbees-folder for plugin workflow-aggregator already added, skipping
Oct 13, 2020 11:40:30 AM hudson.model.UpdateSite$Plugin deploy
INFO: Dependent install of scm-api for plugin workflow-aggregator already added, skipping
Oct 13, 2020 11:40:30 AM hudson.model.UpdateSite$Plugin deploy
INFO: Adding dependent install of lockable-resources for plugin workflow-aggregator
Oct 13, 2020 11:40:30 AM hudson.model.UpdateSite$Plugin deploy
INFO: Dependent install of structs for plugin lockable-resources already added, skipping
Oct 13, 2020 11:40:30 AM hudson.model.UpdateSite$Plugin deploy
INFO: Dependent install of script-security for plugin lockable-resources already added, skipping
Oct 13, 2020 11:40:30 AM hudson.model.UpdateSite$Plugin deploy
INFO: Dependent install of workflow-support for plugin lockable-resources already added, skipping
Oct 13, 2020 11:40:30 AM hudson.model.UpdateSite$Plugin deploy
INFO: Dependent install of mailer for plugin lockable-resources already added, skipping
Oct 13, 2020 11:40:30 AM hudson.model.UpdateSite$Plugin deploy
INFO: Dependent install of matrix-project for plugin lockable-resources already added, skipping
Oct 13, 2020 11:40:30 AM hudson.model.UpdateSite$Plugin deploy
INFO: Dependent install of pipeline-input-step for plugin workflow-aggregator already added, skipping
Oct 13, 2020 11:40:30 AM hudson.model.UpdateSite$Plugin deploy
INFO: Dependent install of pipeline-stage-step for plugin workflow-aggregator already added, skipping
Oct 13, 2020 11:40:30 AM hudson.model.UpdateSite$Plugin deploy
INFO: Dependent install of workflow-api for plugin workflow-aggregator already added, skipping
Oct 13, 2020 11:40:30 AM hudson.model.UpdateSite$Plugin deploy
INFO: Dependent install of workflow-basic-steps for plugin workflow-aggregator already added, skipping
Oct 13, 2020 11:40:30 AM hudson.model.UpdateSite$Plugin deploy
INFO: Dependent install of workflow-job for plugin workflow-aggregator already added, skipping
Oct 13, 2020 11:40:30 AM hudson.model.UpdateSite$Plugin deploy
INFO: Adding dependent install of github-api for plugin github-branch-source
Oct 13, 2020 11:40:30 AM hudson.model.UpdateSite$Plugin deploy
INFO: Adding dependent install of okhttp-api for plugin github-api
Oct 13, 2020 11:40:30 AM hudson.model.UpdateSite$Plugin deploy
INFO: Dependent install of jackson2-api for plugin github-api already added, skipping
Oct 13, 2020 11:40:30 AM hudson.model.UpdateSite$Plugin deploy
INFO: Dependent install of jackson2-api for plugin github-branch-source already added, skipping
Oct 13, 2020 11:40:30 AM hudson.model.UpdateSite$Plugin deploy
INFO: Adding dependent install of github for plugin github-branch-source
Oct 13, 2020 11:40:30 AM hudson.model.UpdateSite$Plugin deploy
INFO: Dependent install of github-api for plugin github already added, skipping
Oct 13, 2020 11:40:30 AM hudson.model.UpdateSite$Plugin deploy
INFO: Adding dependent install of git for plugin github
Oct 13, 2020 11:40:30 AM hudson.model.UpdateSite$Plugin deploy
INFO: Dependent install of workflow-scm-step for plugin git already added, skipping
Oct 13, 2020 11:40:30 AM hudson.model.UpdateSite$Plugin deploy
INFO: Dependent install of credentials for plugin git already added, skipping
Oct 13, 2020 11:40:30 AM hudson.model.UpdateSite$Plugin deploy
INFO: Dependent install of structs for plugin git already added, skipping
Oct 13, 2020 11:40:30 AM hudson.model.UpdateSite$Plugin deploy
INFO: Dependent install of git-client for plugin git already added, skipping
Oct 13, 2020 11:40:30 AM hudson.model.UpdateSite$Plugin deploy
INFO: Dependent install of ssh-credentials for plugin git already added, skipping
Oct 13, 2020 11:40:30 AM hudson.model.UpdateSite$Plugin deploy
INFO: Dependent install of scm-api for plugin git already added, skipping
Oct 13, 2020 11:40:30 AM hudson.model.UpdateSite$Plugin deploy
INFO: Dependent install of script-security for plugin git already added, skipping
Oct 13, 2020 11:40:30 AM hudson.model.UpdateSite$Plugin deploy
INFO: Dependent install of workflow-step-api for plugin git already added, skipping
Oct 13, 2020 11:40:30 AM hudson.model.UpdateSite$Plugin deploy
INFO: Dependent install of mailer for plugin git already added, skipping
Oct 13, 2020 11:40:30 AM hudson.model.UpdateSite$Plugin deploy
INFO: Dependent install of credentials for plugin github already added, skipping
Oct 13, 2020 11:40:30 AM hudson.model.UpdateSite$Plugin deploy
INFO: Dependent install of structs for plugin github already added, skipping
Oct 13, 2020 11:40:30 AM hudson.model.UpdateSite$Plugin deploy
INFO: Dependent install of display-url-api for plugin github already added, skipping
Oct 13, 2020 11:40:30 AM hudson.model.UpdateSite$Plugin deploy
INFO: Dependent install of token-macro for plugin github already added, skipping
Oct 13, 2020 11:40:30 AM hudson.model.UpdateSite$Plugin deploy
INFO: Dependent install of scm-api for plugin github already added, skipping
Oct 13, 2020 11:40:30 AM hudson.model.UpdateSite$Plugin deploy
INFO: Dependent install of plain-credentials for plugin github already added, skipping
Oct 13, 2020 11:40:30 AM hudson.model.UpdateSite$Plugin deploy
INFO: Dependent install of git for plugin pipeline-github-lib already added, skipping
Oct 13, 2020 11:40:30 AM hudson.model.UpdateSite$Plugin deploy
INFO: Dependent install of workflow-cps-global-lib for plugin pipeline-github-lib already added, skipping
Oct 13, 2020 11:40:30 AM hudson.model.UpdateSite$Plugin deploy
INFO: Dependent install of bouncycastle-api for plugin pipeline-github-lib already added, skipping
Oct 13, 2020 11:40:30 AM hudson.model.UpdateSite$Plugin deploy
INFO: Dependent install of jquery-detached for plugin pipeline-stage-view already added, skipping
Oct 13, 2020 11:40:30 AM hudson.model.UpdateSite$Plugin deploy
INFO: Dependent install of pipeline-rest-api for plugin pipeline-stage-view already added, skipping
Oct 13, 2020 11:40:30 AM hudson.model.UpdateSite$Plugin deploy
INFO: Dependent install of handlebars for plugin pipeline-stage-view already added, skipping
Oct 13, 2020 11:40:30 AM hudson.model.UpdateSite$Plugin deploy
INFO: Dependent install of workflow-api for plugin pipeline-stage-view already added, skipping
Oct 13, 2020 11:40:30 AM hudson.model.UpdateSite$Plugin deploy
INFO: Dependent install of workflow-job for plugin pipeline-stage-view already added, skipping
Oct 13, 2020 11:40:30 AM hudson.model.UpdateSite$Plugin deploy
INFO: Dependent install of momentjs for plugin pipeline-stage-view already added, skipping
Oct 13, 2020 11:40:30 AM hudson.model.UpdateSite$Plugin deploy
INFO: Dependent install of workflow-scm-step for plugin git already added, skipping
Oct 13, 2020 11:40:30 AM hudson.model.UpdateSite$Plugin deploy
INFO: Dependent install of credentials for plugin git already added, skipping
Oct 13, 2020 11:40:30 AM hudson.model.UpdateSite$Plugin deploy
INFO: Dependent install of structs for plugin git already added, skipping
Oct 13, 2020 11:40:30 AM hudson.model.UpdateSite$Plugin deploy
INFO: Dependent install of git-client for plugin git already added, skipping
Oct 13, 2020 11:40:30 AM hudson.model.UpdateSite$Plugin deploy
INFO: Dependent install of ssh-credentials for plugin git already added, skipping
Oct 13, 2020 11:40:30 AM hudson.model.UpdateSite$Plugin deploy
INFO: Dependent install of scm-api for plugin git already added, skipping
Oct 13, 2020 11:40:30 AM hudson.model.UpdateSite$Plugin deploy
INFO: Dependent install of script-security for plugin git already added, skipping
Oct 13, 2020 11:40:30 AM hudson.model.UpdateSite$Plugin deploy
INFO: Dependent install of workflow-step-api for plugin git already added, skipping
Oct 13, 2020 11:40:30 AM hudson.model.UpdateSite$Plugin deploy
INFO: Dependent install of mailer for plugin git already added, skipping
Oct 13, 2020 11:40:31 AM hudson.model.UpdateSite$Plugin deploy
INFO: Dependent install of workflow-scm-step for plugin subversion already added, skipping
Oct 13, 2020 11:40:31 AM hudson.model.UpdateSite$Plugin deploy
INFO: Dependent install of credentials for plugin subversion already added, skipping
Oct 13, 2020 11:40:31 AM hudson.model.UpdateSite$Plugin deploy
INFO: Dependent install of structs for plugin subversion already added, skipping
Oct 13, 2020 11:40:31 AM hudson.model.UpdateSite$Plugin deploy
INFO: Dependent install of ssh-credentials for plugin subversion already added, skipping
Oct 13, 2020 11:40:31 AM hudson.model.UpdateSite$Plugin deploy
INFO: Dependent install of scm-api for plugin subversion already added, skipping
Oct 13, 2020 11:40:31 AM hudson.model.UpdateSite$Plugin deploy
INFO: Adding dependent install of mapdb-api for plugin subversion
Oct 13, 2020 11:40:31 AM hudson.model.UpdateSite$Plugin deploy
INFO: Dependent install of junit for plugin mapdb-api already added, skipping
Oct 13, 2020 11:40:31 AM hudson.model.UpdateSite$Plugin deploy
INFO: Dependent install of bouncycastle-api for plugin mapdb-api already added, skipping
Oct 13, 2020 11:40:31 AM hudson.model.UpdateSite$Plugin deploy
INFO: Dependent install of credentials for plugin ssh-slaves already added, skipping
Oct 13, 2020 11:40:31 AM hudson.model.UpdateSite$Plugin deploy
INFO: Dependent install of ssh-credentials for plugin ssh-slaves already added, skipping
Oct 13, 2020 11:40:31 AM hudson.model.UpdateSite$Plugin deploy
INFO: Dependent install of mailer for plugin ldap already added, skipping
Oct 13, 2020 11:40:31 AM hudson.model.UpdateSite$Plugin deploy
INFO: Dependent install of junit for plugin email-ext already added, skipping
Oct 13, 2020 11:40:31 AM hudson.model.UpdateSite$Plugin deploy
INFO: Dependent install of structs for plugin email-ext already added, skipping
Oct 13, 2020 11:40:31 AM hudson.model.UpdateSite$Plugin deploy
INFO: Dependent install of token-macro for plugin email-ext already added, skipping
Oct 13, 2020 11:40:31 AM hudson.model.UpdateSite$Plugin deploy
INFO: Dependent install of script-security for plugin email-ext already added, skipping
Oct 13, 2020 11:40:31 AM hudson.model.UpdateSite$Plugin deploy
INFO: Dependent install of mailer for plugin email-ext already added, skipping
Oct 13, 2020 11:40:31 AM hudson.model.UpdateSite$Plugin deploy
INFO: Dependent install of matrix-project for plugin email-ext already added, skipping
Oct 13, 2020 11:40:31 AM hudson.model.UpdateSite$Plugin deploy
INFO: Dependent install of display-url-api for plugin mailer already added, skipping
Oct 13, 2020 11:40:51 AM hudson.model.UpdateCenter$UpdateCenterConfiguration download
INFO: Downloading Folders
Oct 13, 2020 11:40:53 AM hudson.PluginManager dynamicLoad
INFO: Attempting to dynamic load /var/jenkins_home/plugins/cloudbees-folder.jpi
Oct 13, 2020 11:40:53 AM hudson.model.UpdateCenter$DownloadJob run
SEVERE: Failed to install Folders
java.io.IOException: Failed to dynamically deploy this plugin
        at hudson.model.UpdateCenter$InstallationJob._run(UpdateCenter.java:1893)
        at hudson.model.UpdateCenter$DownloadJob.run(UpdateCenter.java:1651)
        at java.util.concurrent.Executors$RunnableAdapter.call(Executors.java:511)
        at java.util.concurrent.FutureTask.run(FutureTask.java:266)
        at hudson.remoting.AtmostOneThreadExecutor$Worker.run(AtmostOneThreadExecutor.java:110)
        at java.lang.Thread.run(Thread.java:748)
Caused by: java.io.IOException: Failed to install cloudbees-folder plugin
        at hudson.PluginManager.dynamicLoad(PluginManager.java:874)
        at hudson.PluginManager.dynamicLoad(PluginManager.java:813)
        at hudson.model.UpdateCenter$InstallationJob._run(UpdateCenter.java:1889)
        ... 5 more
Caused by: java.io.IOException: Folders Plugin v6.14 failed to load.
 - You must update Jenkins from v2.60.3 to v2.176.1 or later to run this plugin.
        at hudson.PluginWrapper.resolvePluginDependencies(PluginWrapper.java:626)
        at hudson.PluginManager.dynamicLoad(PluginManager.java:864)
        ... 7 more

Oct 13, 2020 11:40:53 AM hudson.model.UpdateCenter$DownloadJob run
INFO: Starting the installation of OWASP Markup Formatter on behalf of admin
Oct 13, 2020 11:40:55 AM hudson.model.UpdateCenter$UpdateCenterConfiguration download
INFO: Downloading OWASP Markup Formatter
Oct 13, 2020 11:41:10 AM hudson.PluginManager dynamicLoad
INFO: Attempting to dynamic load /var/jenkins_home/plugins/antisamy-markup-formatter.jpi
Oct 13, 2020 11:41:10 AM hudson.model.UpdateCenter$DownloadJob run
SEVERE: Failed to install OWASP Markup Formatter
java.io.IOException: Failed to dynamically deploy this plugin
        at hudson.model.UpdateCenter$InstallationJob._run(UpdateCenter.java:1893)
        at hudson.model.UpdateCenter$DownloadJob.run(UpdateCenter.java:1651)
        at java.util.concurrent.Executors$RunnableAdapter.call(Executors.java:511)
        at java.util.concurrent.FutureTask.run(FutureTask.java:266)
        at hudson.remoting.AtmostOneThreadExecutor$Worker.run(AtmostOneThreadExecutor.java:110)
        at java.lang.Thread.run(Thread.java:748)
Caused by: java.io.IOException: Failed to install antisamy-markup-formatter plugin
        at hudson.PluginManager.dynamicLoad(PluginManager.java:874)
        at hudson.PluginManager.dynamicLoad(PluginManager.java:813)
        at hudson.model.UpdateCenter$InstallationJob._run(UpdateCenter.java:1889)
        ... 5 more
Caused by: java.io.IOException: OWASP Markup Formatter Plugin v2.1 failed to load.
 - You must update Jenkins from v2.60.3 to v2.121.3 or later to run this plugin.
        at hudson.PluginWrapper.resolvePluginDependencies(PluginWrapper.java:626)
        at hudson.PluginManager.dynamicLoad(PluginManager.java:864)
        ... 7 more

Oct 13, 2020 11:41:10 AM hudson.model.UpdateCenter$DownloadJob run
INFO: Starting the installation of Structs on behalf of admin
Oct 13, 2020 11:41:12 AM hudson.model.UpdateCenter$UpdateCenterConfiguration download
INFO: Downloading Structs
Oct 13, 2020 11:41:14 AM hudson.PluginManager dynamicLoad
INFO: Attempting to dynamic load /var/jenkins_home/plugins/structs.jpi
Oct 13, 2020 11:41:14 AM hudson.model.UpdateCenter$DownloadJob run
SEVERE: Failed to install Structs
java.io.IOException: Failed to dynamically deploy this plugin
        at hudson.model.UpdateCenter$InstallationJob._run(UpdateCenter.java:1893)
        at hudson.model.UpdateCenter$DownloadJob.run(UpdateCenter.java:1651)
        at java.util.concurrent.Executors$RunnableAdapter.call(Executors.java:511)
        at java.util.concurrent.FutureTask.run(FutureTask.java:266)
        at hudson.remoting.AtmostOneThreadExecutor$Worker.run(AtmostOneThreadExecutor.java:110)
        at java.lang.Thread.run(Thread.java:748)
Caused by: java.io.IOException: Failed to install structs plugin
        at hudson.PluginManager.dynamicLoad(PluginManager.java:874)
        at hudson.PluginManager.dynamicLoad(PluginManager.java:813)
        at hudson.model.UpdateCenter$InstallationJob._run(UpdateCenter.java:1889)
        ... 5 more
Caused by: java.io.IOException: Structs Plugin v1.20 failed to load.
 - You must update Jenkins from v2.60.3 to v2.107.3 or later to run this plugin.
        at hudson.PluginWrapper.resolvePluginDependencies(PluginWrapper.java:626)
        at hudson.PluginManager.dynamicLoad(PluginManager.java:864)
        ... 7 more

Oct 13, 2020 11:41:14 AM hudson.model.UpdateCenter$DownloadJob run
INFO: Starting the installation of Pipeline: Step API on behalf of admin
Oct 13, 2020 11:41:16 AM hudson.model.UpdateCenter$UpdateCenterConfiguration download
INFO: Downloading Pipeline: Step API
Oct 13, 2020 11:41:19 AM hudson.PluginManager dynamicLoad
INFO: Attempting to dynamic load /var/jenkins_home/plugins/workflow-step-api.jpi
Oct 13, 2020 11:41:19 AM hudson.model.UpdateCenter$DownloadJob run
SEVERE: Failed to install Pipeline: Step API
java.io.IOException: Failed to dynamically deploy this plugin
        at hudson.model.UpdateCenter$InstallationJob._run(UpdateCenter.java:1893)
        at hudson.model.UpdateCenter$DownloadJob.run(UpdateCenter.java:1651)
        at java.util.concurrent.Executors$RunnableAdapter.call(Executors.java:511)
        at java.util.concurrent.FutureTask.run(FutureTask.java:266)
        at hudson.remoting.AtmostOneThreadExecutor$Worker.run(AtmostOneThreadExecutor.java:110)
        at java.lang.Thread.run(Thread.java:748)
Caused by: java.io.IOException: Failed to install workflow-step-api plugin
        at hudson.PluginManager.dynamicLoad(PluginManager.java:874)
        at hudson.PluginManager.dynamicLoad(PluginManager.java:813)
        at hudson.model.UpdateCenter$InstallationJob._run(UpdateCenter.java:1889)
        ... 5 more
Caused by: java.io.IOException: Pipeline: Step API v2.22 failed to load.
 - You must update Jenkins from v2.60.3 to v2.138.4 or later to run this plugin.
 - Structs Plugin v1.20 failed to load. Fix this plugin first.
        at hudson.PluginWrapper.resolvePluginDependencies(PluginWrapper.java:626)
        at hudson.PluginManager.dynamicLoad(PluginManager.java:864)
        ... 7 more

Oct 13, 2020 11:41:19 AM hudson.model.UpdateCenter$DownloadJob run
INFO: Starting the installation of Token Macro on behalf of admin
Oct 13, 2020 11:41:34 AM hudson.model.UpdateCenter$UpdateCenterConfiguration download
INFO: Downloading Token Macro
Oct 13, 2020 11:41:36 AM hudson.PluginManager dynamicLoad
INFO: Attempting to dynamic load /var/jenkins_home/plugins/token-macro.jpi
Oct 13, 2020 11:41:36 AM hudson.model.UpdateCenter$DownloadJob run
SEVERE: Failed to install Token Macro
java.io.IOException: Failed to dynamically deploy this plugin
        at hudson.model.UpdateCenter$InstallationJob._run(UpdateCenter.java:1893)
        at hudson.model.UpdateCenter$DownloadJob.run(UpdateCenter.java:1651)
        at java.util.concurrent.Executors$RunnableAdapter.call(Executors.java:511)
        at java.util.concurrent.FutureTask.run(FutureTask.java:266)
        at hudson.remoting.AtmostOneThreadExecutor$Worker.run(AtmostOneThreadExecutor.java:110)
        at java.lang.Thread.run(Thread.java:748)
Caused by: java.io.IOException: Failed to install token-macro plugin
        at hudson.PluginManager.dynamicLoad(PluginManager.java:874)
        at hudson.PluginManager.dynamicLoad(PluginManager.java:813)
        at hudson.model.UpdateCenter$InstallationJob._run(UpdateCenter.java:1889)
        ... 5 more
Caused by: java.io.IOException: Token Macro Plugin v2.12 failed to load.
 - You must update Jenkins from v2.60.3 to v2.121.3 or later to run this plugin.
 - Pipeline: Step API v2.22 failed to load. Fix this plugin first.
        at hudson.PluginWrapper.resolvePluginDependencies(PluginWrapper.java:626)
        at hudson.PluginManager.dynamicLoad(PluginManager.java:864)
        ... 7 more

Oct 13, 2020 11:41:36 AM hudson.model.UpdateCenter$DownloadJob run
INFO: Starting the installation of bouncycastle API on behalf of admin
Oct 13, 2020 11:41:38 AM hudson.model.UpdateCenter$UpdateCenterConfiguration download
INFO: Downloading bouncycastle API
Oct 13, 2020 11:42:02 AM hudson.PluginManager dynamicLoad
INFO: Attempting to dynamic load /var/jenkins_home/plugins/bouncycastle-api.jpi
Oct 13, 2020 11:42:02 AM jenkins.InitReactorRunner$1 onAttained
INFO: Started initialization
Oct 13, 2020 11:42:02 AM jenkins.InitReactorRunner$1 onAttained
INFO: Listed all plugins
Oct 13, 2020 11:42:02 AM jenkins.InitReactorRunner$1 onAttained
INFO: Prepared all plugins
Oct 13, 2020 11:42:02 AM jenkins.InitReactorRunner$1 onAttained
INFO: Started all plugins
Oct 13, 2020 11:42:02 AM jenkins.InitReactorRunner$1 onAttained
INFO: Augmented all extensions
Oct 13, 2020 11:42:02 AM jenkins.InitReactorRunner$1 onAttained
INFO: Loaded all jobs
Oct 13, 2020 11:42:02 AM jenkins.InitReactorRunner$1 onAttained
INFO: Completed initialization
Oct 13, 2020 11:42:02 AM hudson.PluginManager dynamicLoad
INFO: Plugin bouncycastle-api:2.18 dynamically installed
Oct 13, 2020 11:42:02 AM hudson.model.UpdateCenter$DownloadJob run
INFO: Installation successful: bouncycastle API
Oct 13, 2020 11:42:02 AM hudson.model.UpdateCenter$DownloadJob run
INFO: Starting the installation of Build Timeout on behalf of admin
Oct 13, 2020 11:42:51 AM hudson.model.UpdateCenter$UpdateCenterConfiguration download
INFO: Downloading Build Timeout
Oct 13, 2020 11:42:53 AM hudson.PluginManager dynamicLoad
INFO: Attempting to dynamic load /var/jenkins_home/plugins/build-timeout.jpi
Oct 13, 2020 11:42:53 AM hudson.model.UpdateCenter$DownloadJob run
SEVERE: Failed to install Build Timeout
java.io.IOException: Failed to dynamically deploy this plugin
        at hudson.model.UpdateCenter$InstallationJob._run(UpdateCenter.java:1893)
        at hudson.model.UpdateCenter$DownloadJob.run(UpdateCenter.java:1651)
        at java.util.concurrent.Executors$RunnableAdapter.call(Executors.java:511)
        at java.util.concurrent.FutureTask.run(FutureTask.java:266)
        at hudson.remoting.AtmostOneThreadExecutor$Worker.run(AtmostOneThreadExecutor.java:110)
        at java.lang.Thread.run(Thread.java:748)
Caused by: java.io.IOException: Failed to install build-timeout plugin
        at hudson.PluginManager.dynamicLoad(PluginManager.java:874)
        at hudson.PluginManager.dynamicLoad(PluginManager.java:813)
        at hudson.model.UpdateCenter$InstallationJob._run(UpdateCenter.java:1889)
        ... 5 more
Caused by: java.io.IOException: Build Timeout v1.19.1 failed to load.
 - Token Macro Plugin v2.12 failed to load. Fix this plugin first.
        at hudson.PluginWrapper.resolvePluginDependencies(PluginWrapper.java:626)
        at hudson.PluginManager.dynamicLoad(PluginManager.java:864)
        ... 7 more

Oct 13, 2020 11:42:53 AM hudson.model.UpdateCenter$DownloadJob run
INFO: Starting the installation of Credentials on behalf of admin
Oct 13, 2020 11:42:55 AM hudson.model.UpdateCenter$UpdateCenterConfiguration download
INFO: Downloading Credentials
Oct 13, 2020 11:43:00 AM hudson.PluginManager dynamicLoad
INFO: Attempting to dynamic load /var/jenkins_home/plugins/credentials.jpi
Oct 13, 2020 11:43:00 AM hudson.model.UpdateCenter$DownloadJob run
SEVERE: Failed to install Credentials
java.io.IOException: Failed to dynamically deploy this plugin
        at hudson.model.UpdateCenter$InstallationJob._run(UpdateCenter.java:1893)
        at hudson.model.UpdateCenter$DownloadJob.run(UpdateCenter.java:1651)
        at java.util.concurrent.Executors$RunnableAdapter.call(Executors.java:511)
        at java.util.concurrent.FutureTask.run(FutureTask.java:266)
        at hudson.remoting.AtmostOneThreadExecutor$Worker.run(AtmostOneThreadExecutor.java:110)
        at java.lang.Thread.run(Thread.java:748)
Caused by: java.io.IOException: Failed to install credentials plugin
        at hudson.PluginManager.dynamicLoad(PluginManager.java:874)
        at hudson.PluginManager.dynamicLoad(PluginManager.java:813)
        at hudson.model.UpdateCenter$InstallationJob._run(UpdateCenter.java:1889)
        ... 5 more
Caused by: java.io.IOException: Credentials Plugin v2.3.11 failed to load.
 - You must update Jenkins from v2.60.3 to v2.138.4 or later to run this plugin.
 - Structs Plugin v1.20 failed to load. Fix this plugin first.
        at hudson.PluginWrapper.resolvePluginDependencies(PluginWrapper.java:626)
        at hudson.PluginManager.dynamicLoad(PluginManager.java:864)
        ... 7 more

Oct 13, 2020 11:43:00 AM hudson.model.UpdateCenter$DownloadJob run
INFO: Starting the installation of SSH Credentials on behalf of admin
Oct 13, 2020 11:43:01 AM hudson.model.UpdateCenter$UpdateCenterConfiguration download
INFO: Downloading SSH Credentials
Oct 13, 2020 11:43:02 AM hudson.PluginManager dynamicLoad
INFO: Attempting to dynamic load /var/jenkins_home/plugins/ssh-credentials.jpi
Oct 13, 2020 11:43:02 AM hudson.model.UpdateCenter$DownloadJob run
SEVERE: Failed to install SSH Credentials
java.io.IOException: Failed to dynamically deploy this plugin
        at hudson.model.UpdateCenter$InstallationJob._run(UpdateCenter.java:1893)
        at hudson.model.UpdateCenter$DownloadJob.run(UpdateCenter.java:1651)
        at java.util.concurrent.Executors$RunnableAdapter.call(Executors.java:511)
        at java.util.concurrent.FutureTask.run(FutureTask.java:266)
        at hudson.remoting.AtmostOneThreadExecutor$Worker.run(AtmostOneThreadExecutor.java:110)
        at java.lang.Thread.run(Thread.java:748)
Caused by: java.io.IOException: Failed to install ssh-credentials plugin
        at hudson.PluginManager.dynamicLoad(PluginManager.java:874)
        at hudson.PluginManager.dynamicLoad(PluginManager.java:813)
        at hudson.model.UpdateCenter$InstallationJob._run(UpdateCenter.java:1889)
        ... 5 more
Caused by: java.io.IOException: SSH Credentials Plugin v1.17.4 failed to load.
 - You must update Jenkins from v2.60.3 to v2.138.4 or later to run this plugin.
 - Credentials Plugin v2.3.11 failed to load. Fix this plugin first.
        at hudson.PluginWrapper.resolvePluginDependencies(PluginWrapper.java:626)
        at hudson.PluginManager.dynamicLoad(PluginManager.java:864)
        ... 7 more

Oct 13, 2020 11:43:02 AM hudson.model.UpdateCenter$DownloadJob run
INFO: Starting the installation of Plain Credentials on behalf of admin
Oct 13, 2020 11:43:05 AM hudson.model.UpdateCenter$UpdateCenterConfiguration download
INFO: Downloading Plain Credentials
Oct 13, 2020 11:43:05 AM hudson.PluginManager dynamicLoad
INFO: Attempting to dynamic load /var/jenkins_home/plugins/plain-credentials.jpi
Oct 13, 2020 11:43:05 AM hudson.model.UpdateCenter$DownloadJob run
SEVERE: Failed to install Plain Credentials
java.io.IOException: Failed to dynamically deploy this plugin
        at hudson.model.UpdateCenter$InstallationJob._run(UpdateCenter.java:1893)
        at hudson.model.UpdateCenter$DownloadJob.run(UpdateCenter.java:1651)
        at java.util.concurrent.Executors$RunnableAdapter.call(Executors.java:511)
        at java.util.concurrent.FutureTask.run(FutureTask.java:266)
        at hudson.remoting.AtmostOneThreadExecutor$Worker.run(AtmostOneThreadExecutor.java:110)
        at java.lang.Thread.run(Thread.java:748)
Caused by: java.io.IOException: Failed to install plain-credentials plugin
        at hudson.PluginManager.dynamicLoad(PluginManager.java:874)
        at hudson.PluginManager.dynamicLoad(PluginManager.java:813)
        at hudson.model.UpdateCenter$InstallationJob._run(UpdateCenter.java:1889)
        ... 5 more
Caused by: java.io.IOException: Plain Credentials Plugin v1.7 failed to load.
 - You must update Jenkins from v2.60.3 to v2.138.4 or later to run this plugin.
 - Credentials Plugin v2.3.11 failed to load. Fix this plugin first.
        at hudson.PluginWrapper.resolvePluginDependencies(PluginWrapper.java:626)
        at hudson.PluginManager.dynamicLoad(PluginManager.java:864)
        ... 7 more

Oct 13, 2020 11:43:05 AM hudson.model.UpdateCenter$DownloadJob run
INFO: Starting the installation of Credentials Binding on behalf of admin
Oct 13, 2020 11:43:13 AM hudson.model.UpdateCenter$UpdateCenterConfiguration download
INFO: Downloading Credentials Binding
^COct 13, 2020 11:43:14 AM winstone.Logger logInternal
INFO: JVM is terminating. Shutting down Winstone
Oct 13, 2020 11:43:14 AM org.eclipse.jetty.util.log.JavaUtilLog info
INFO: Stopped ServerConnector@1c80e49b{HTTP/1.1}{0.0.0.0:8080}
[root@ip-172-31-5-238 ec2-user]# docker run -it --name test-ngnix -p 80:80 nginx
Unable to find image 'nginx:latest' locally
latest: Pulling from library/nginx
bb79b6b2107f: Pull complete
111447d5894d: Pull complete
a95689b8e6cb: Pull complete
1a0022e444c2: Pull complete
32b7488a3833: Pull complete
Digest: sha256:a400f9ae84c0e403dc4a2c1b2dbe2558ccb5df404475287280ad53a268adf10e
Status: Downloaded newer image for nginx:latest
docker: Error response from daemon: driver failed programming external connectivity on endpoint test-ngnix (b9b6d64acb9c6cff22db3a2205c2a65158a9b4eed66201453b881a82af143e44): Bind for 0.0.0.0:80 failed: port is already allocated.
[root@ip-172-31-5-238 ec2-user]# docker container ls
CONTAINER ID        IMAGE               COMMAND             CREATED             STATUS              PORTS                NAMES
b3090ab369f8        ubuntu              "/bin/bash"         21 minutes ago      Up 21 minutes       0.0.0.0:80->80/tcp   webserver
[root@ip-172-31-5-238 ec2-user]# docker stop b3090ab369f8
b3090ab369f8
[root@ip-172-31-5-238 ec2-user]# docker container ls
CONTAINER ID        IMAGE               COMMAND             CREATED             STATUS              PORTS               NAMES
[root@ip-172-31-5-238 ec2-user]# docker run -it --name test-ngnix -p 80:80 nginx
docker: Error response from daemon: Conflict. The container name "/test-ngnix" is already in use by container "3e0b4678208c5fb57726f0cce2d5e2864e8c861eff7e82a3f0e46e1aff4cb7cb". You have to remove (or rename) that container to be able to reuse that name.
See 'docker run --help'.
[root@ip-172-31-5-238 ec2-user]# docker ps
CONTAINER ID        IMAGE               COMMAND             CREATED             STATUS              PORTS               NAMES
[root@ip-172-31-5-238 ec2-user]# docker ps -a
CONTAINER ID        IMAGE               COMMAND                  CREATED              STATUS                       PORTS               NAMES
3e0b4678208c        nginx               "/docker-entrypoint.…"   About a minute ago   Created                                          test-ngnix
c872e05d7fde        jenkins             "/bin/tini -- /usr/l…"   10 minutes ago       Exited (130) 2 minutes ago                       test-jenkins
b3090ab369f8        ubuntu              "/bin/bash"              22 minutes ago       Exited (0) 34 seconds ago                        webserver
ba45c0da9496        ubuntu              "/bin/bash"              5 hours ago          Exited (0) 5 hours ago                           container4
58f3ed702102        ubuntu              "/bin/bash"              5 hours ago          Exited (0) 5 hours ago                           container3
347df64e8e28        ubuntu              "/bin/bash"              5 hours ago          Exited (0) 5 hours ago                           container2
15cdb194031e        myimage             "/bin/bash"              6 hours ago          Exited (127) 5 hours ago                         container1
[root@ip-172-31-5-238 ec2-user]# docker start 3e0b4678208c
3e0b4678208c
[root@ip-172-31-5-238 ec2-user]# docker port test-nginx
Error: No such container: test-nginx
[root@ip-172-31-5-238 ec2-user]# docker port 3e0b4678208c
80/tcp -> 0.0.0.0:80
[root@ip-172-31-5-238 ec2-user]#
Broadcast message from root@ip-172-31-5-238
        (unknown) at 11:49 ...

The system is going down for power off NOW!
Connection to 13.235.67.54 closed by remote host.
Connection to 13.235.67.54 closed.

C:\Users\Priyo>